Archive member included to satisfy reference by file (symbol)

libbb/lib.a(appletlib.o)      /home/beyond2002/buildroot-2017.02.8/output/host/usr/aarch64-buildroot-linux-gnu/sysroot/usr/lib/../lib64/crt1.o (main)
libbb/lib.a(compare_string_array.o)
                              libbb/lib.a(appletlib.o) (is_prefixed_with)
libbb/lib.a(concat_path_file.o)
                              libbb/lib.a(appletlib.o) (concat_path_file)
libbb/lib.a(default_error_retval.o)
                              libbb/lib.a(appletlib.o) (xfunc_error_retval)
libbb/lib.a(get_last_path_component.o)
                              libbb/lib.a(appletlib.o) (bb_basename)
libbb/lib.a(last_char_is.o)   libbb/lib.a(concat_path_file.o) (last_char_is)
libbb/lib.a(messages.o)       libbb/lib.a(appletlib.o) (bb_busybox_exec_path)
libbb/lib.a(perror_msg.o)     libbb/lib.a(appletlib.o) (bb_simple_perror_msg)
libbb/lib.a(ptr_to_globals.o)
                              libbb/lib.a(appletlib.o) (bb_errno)
libbb/lib.a(verror_msg.o)     libbb/lib.a(perror_msg.o) (bb_verror_msg)
libbb/lib.a(xfunc_die.o)      libbb/lib.a(appletlib.o) (xfunc_die)
libbb/lib.a(xfuncs.o)         libbb/lib.a(appletlib.o) (full_write2_str)
libbb/lib.a(xfuncs_printf.o)  libbb/lib.a(verror_msg.o) (fflush_all)
libbb/lib.a(xreadlink.o)      libbb/lib.a(appletlib.o) (xmalloc_readlink)
libbb/lib.a(copyfd.o)         libbb/lib.a(xfuncs_printf.o) (bb_copyfd_eof)
libbb/lib.a(full_write.o)     libbb/lib.a(verror_msg.o) (full_write)
libbb/lib.a(read.o)           libbb/lib.a(copyfd.o) (safe_read)
libbb/lib.a(safe_write.o)     libbb/lib.a(full_write.o) (safe_write)
libbb/lib.a(signals.o)        libbb/lib.a(xfuncs_printf.o) (kill_myself_with_sig)
libbb/lib.a(time.o)           libbb/lib.a(xfuncs_printf.o) (monotonic_us)
libbb/lib.a(bb_strtonum.o)    libbb/lib.a(time.o) (bb_strtoll)
loginutils/lib.a(addgroup.o)  libbb/lib.a(appletlib.o) (addgroup_main)
loginutils/lib.a(adduser.o)   libbb/lib.a(appletlib.o) (adduser_main)
loginutils/lib.a(cryptpw.o)   libbb/lib.a(appletlib.o) (cryptpw_main)
loginutils/lib.a(deluser.o)   libbb/lib.a(appletlib.o) (deluser_main)
loginutils/lib.a(getty.o)     libbb/lib.a(appletlib.o) (getty_main)
loginutils/lib.a(login.o)     libbb/lib.a(appletlib.o) (login_main)
loginutils/lib.a(passwd.o)    libbb/lib.a(appletlib.o) (passwd_main)
loginutils/lib.a(su.o)        libbb/lib.a(appletlib.o) (su_main)
loginutils/lib.a(sulogin.o)   libbb/lib.a(appletlib.o) (sulogin_main)
loginutils/lib.a(vlock.o)     libbb/lib.a(appletlib.o) (vlock_main)
miscutils/lib.a(chrt.o)       libbb/lib.a(appletlib.o) (chrt_main)
miscutils/lib.a(crond.o)      libbb/lib.a(appletlib.o) (crond_main)
miscutils/lib.a(crontab.o)    libbb/lib.a(appletlib.o) (crontab_main)
miscutils/lib.a(dc.o)         libbb/lib.a(appletlib.o) (dc_main)
miscutils/lib.a(devmem.o)     libbb/lib.a(appletlib.o) (devmem_main)
miscutils/lib.a(eject.o)      libbb/lib.a(appletlib.o) (eject_main)
miscutils/lib.a(hdparm.o)     libbb/lib.a(appletlib.o) (hdparm_main)
miscutils/lib.a(i2c_tools.o)  libbb/lib.a(appletlib.o) (i2cget_main)
miscutils/lib.a(last.o)       libbb/lib.a(appletlib.o) (last_main)
miscutils/lib.a(less.o)       libbb/lib.a(appletlib.o) (less_main)
miscutils/lib.a(makedevs.o)   libbb/lib.a(appletlib.o) (makedevs_main)
miscutils/lib.a(microcom.o)   libbb/lib.a(appletlib.o) (microcom_main)
miscutils/lib.a(mountpoint.o)
                              libbb/lib.a(appletlib.o) (mountpoint_main)
miscutils/lib.a(mt.o)         libbb/lib.a(appletlib.o) (mt_main)
miscutils/lib.a(runlevel.o)   libbb/lib.a(appletlib.o) (runlevel_main)
miscutils/lib.a(setserial.o)  libbb/lib.a(appletlib.o) (setserial_main)
miscutils/lib.a(setsid.o)     libbb/lib.a(appletlib.o) (setsid_main)
miscutils/lib.a(strings.o)    libbb/lib.a(appletlib.o) (strings_main)
miscutils/lib.a(time.o)       libbb/lib.a(appletlib.o) (time_main)
miscutils/lib.a(ubirename.o)  libbb/lib.a(appletlib.o) (ubirename_main)
miscutils/lib.a(watchdog.o)   libbb/lib.a(appletlib.o) (watchdog_main)
modutils/lib.a(insmod.o)      libbb/lib.a(appletlib.o) (insmod_main)
modutils/lib.a(lsmod.o)       libbb/lib.a(appletlib.o) (lsmod_main)
modutils/lib.a(modprobe.o)    libbb/lib.a(appletlib.o) (modprobe_main)
modutils/lib.a(modutils.o)    modutils/lib.a(modprobe.o) (replace)
modutils/lib.a(rmmod.o)       libbb/lib.a(appletlib.o) (rmmod_main)
networking/lib.a(arp.o)       libbb/lib.a(appletlib.o) (arp_main)
networking/lib.a(arping.o)    libbb/lib.a(appletlib.o) (arping_main)
networking/lib.a(dnsd.o)      libbb/lib.a(appletlib.o) (dnsd_main)
networking/lib.a(ether-wake.o)
                              libbb/lib.a(appletlib.o) (ether_wake_main)
networking/lib.a(hostname.o)  libbb/lib.a(appletlib.o) (hostname_main)
networking/lib.a(ifconfig.o)  libbb/lib.a(appletlib.o) (ifconfig_main)
networking/lib.a(ifupdown.o)  libbb/lib.a(appletlib.o) (ifupdown_main)
networking/lib.a(inetd.o)     libbb/lib.a(appletlib.o) (inetd_main)
networking/lib.a(interface.o)
[...]
Memory Configuration

Name             Origin             Length             Attributes
*default*        0x0000000000000000 0xffffffffffffffff

Linker script and memory map

LOAD /home/beyond2002/buildroot-2017.02.8/output/host/usr/aarch64-buildroot-linux-gnu/sysroot/usr/lib/../lib64/crt1.o
LOAD /home/beyond2002/buildroot-2017.02.8/output/host/usr/aarch64-buildroot-linux-gnu/sysroot/usr/lib/../lib64/crti.o
LOAD /home/beyond2002/buildroot-2017.02.8/output/host/opt/ext-toolchain/bin/../lib/gcc/aarch64-linux-gnu/6.4.1/crtbegin.o
START GROUP
LOAD applets/built-in.o
LOAD archival/lib.a
LOAD archival/libarchive/lib.a
LOAD console-tools/lib.a
LOAD coreutils/lib.a
LOAD coreutils/libcoreutils/lib.a
LOAD debianutils/lib.a
LOAD e2fsprogs/lib.a
LOAD editors/lib.a
LOAD findutils/lib.a
LOAD init/lib.a
LOAD libbb/lib.a
LOAD libpwdgrp/lib.a
LOAD loginutils/lib.a
LOAD mailutils/lib.a
LOAD miscutils/lib.a
LOAD modutils/lib.a
LOAD networking/lib.a
LOAD networking/libiproute/lib.a
LOAD networking/udhcp/lib.a
LOAD printutils/lib.a
LOAD procps/lib.a
LOAD runit/lib.a
LOAD selinux/lib.a
LOAD shell/lib.a
LOAD sysklogd/lib.a
LOAD util-linux/lib.a
LOAD util-linux/volume_id/lib.a
LOAD archival/built-in.o
LOAD archival/libarchive/built-in.o
LOAD console-tools/built-in.o
LOAD coreutils/built-in.o
LOAD coreutils/libcoreutils/built-in.o
LOAD debianutils/built-in.o
LOAD e2fsprogs/built-in.o
LOAD editors/built-in.o
LOAD findutils/built-in.o
LOAD init/built-in.o
LOAD libbb/built-in.o
LOAD libpwdgrp/built-in.o
LOAD loginutils/built-in.o
LOAD mailutils/built-in.o
LOAD miscutils/built-in.o
LOAD modutils/built-in.o
LOAD networking/built-in.o
LOAD networking/libiproute/built-in.o
LOAD networking/udhcp/built-in.o
LOAD printutils/built-in.o
LOAD procps/built-in.o
LOAD runit/built-in.o
LOAD selinux/built-in.o
LOAD shell/built-in.o
LOAD sysklogd/built-in.o
LOAD util-linux/built-in.o
LOAD util-linux/volume_id/built-in.o
END GROUP
START GROUP
END GROUP
LOAD /home/beyond2002/buildroot-2017.02.8/output/host/opt/ext-toolchain/bin/../lib/gcc/aarch64-linux-gnu/6.4.1/libgcc.a
LOAD /home/beyond2002/buildroot-2017.02.8/output/host/opt/ext-toolchain/bin/../lib/gcc/aarch64-linux-gnu/6.4.1/libgcc_eh.a
LOAD /home/beyond2002/buildroot-2017.02.8/output/host/usr/aarch64-buildroot-linux-gnu/sysroot/usr/lib/../lib64/libc.so
START GROUP
LOAD /home/beyond2002/buildroot-2017.02.8/output/host/usr/aarch64-buildroot-linux-gnu/sysroot/lib/libc.so.6
LOAD /home/beyond2002/buildroot-2017.02.8/output/host/usr/aarch64-buildroot-linux-gnu/sysroot/usr/lib/libc_nonshared.a
LOAD /home/beyond2002/buildroot-2017.02.8/output/host/usr/aarch64-buildroot-linux-gnu/sysroot/lib/ld-linux-aarch64.so.1
END GROUP
LOAD /home/beyond2002/buildroot-2017.02.8/output/host/opt/ext-toolchain/bin/../lib/gcc/aarch64-linux-gnu/6.4.1/libgcc.a
LOAD /home/beyond2002/buildroot-2017.02.8/output/host/opt/ext-toolchain/bin/../lib/gcc/aarch64-linux-gnu/6.4.1/libgcc_eh.a
LOAD /home/beyond2002/buildroot-2017.02.8/output/host/opt/ext-toolchain/bin/../lib/gcc/aarch64-linux-gnu/6.4.1/crtend.o
LOAD /home/beyond2002/buildroot-2017.02.8/output/host/usr/aarch64-buildroot-linux-gnu/sysroot/usr/lib/../lib64/crtn.o
                [!provide]                        PROVIDE (__executable_start, 0x400000)
                0x00000000004001c8                . = (0x400000 + SIZEOF_HEADERS)

.interp         0x00000000004001c8       0x1b
 *(SORT(.interp))
 .interp        0x00000000004001c8       0x1b /home/beyond2002/buildroot-2017.02.8/output/host/usr/aarch64-buildroot-linux-gnu/sysroot/usr/lib/../lib64/crt1.o

.note.ABI-tag   0x00000000004001e4       0x20
 .note.ABI-tag  0x00000000004001e4       0x20 /home/beyond2002/buildroot-2017.02.8/output/host/usr/aarch64-buildroot-linux-gnu/sysroot/usr/lib/../lib64/crt1.o

.note.gnu.build-id
                0x0000000000400204       0x24
 *(SORT(.note.gnu.build-id))
 .note.gnu.build-id
                0x0000000000400204       0x24 /home/beyond2002/buildroot-2017.02.8/output/host/usr/aarch64-buildroot-linux-gnu/sysroot/usr/lib/../lib64/crt1.o

.hash           0x0000000000400228      0x974
 *(SORT(.hash))
 .hash          0x0000000000400228      0x974 /home/beyond2002/buildroot-2017.02.8/output/host/usr/aarch64-buildroot-linux-gnu/sysroot/usr/lib/../lib64/crt1.o

.gnu.hash
 *(SORT(.gnu.hash))

.dynsym         0x0000000000400ba0     0x1fe0
 *(SORT(.dynsym))
 .dynsym        0x0000000000400ba0     0x1fe0 /home/beyond2002/buildroot-2017.02.8/output/host/usr/aarch64-buildroot-linux-gnu/sysroot/usr/lib/../lib64/crt1.o

.dynstr         0x0000000000402b80      0xb16
 *(SORT(.dynstr))
 .dynstr        0x0000000000402b80      0xb16 /home/beyond2002/buildroot-2017.02.8/output/host/usr/aarch64-buildroot-linux-gnu/sysroot/usr/lib/../lib64/crt1.o

.gnu.version    0x0000000000403696      0x2a8
 *(SORT(.gnu.version))
 .gnu.version   0x0000000000403696      0x2a8 /home/beyond2002/buildroot-2017.02.8/output/host/usr/aarch64-buildroot-linux-gnu/sysroot/usr/lib/../lib64/crt1.o

.gnu.version_d  0x0000000000403940        0x0
 *(SORT(.gnu.version_d))
 .gnu.version_d
                0x0000000000403940        0x0 /home/beyond2002/buildroot-2017.02.8/output/host/usr/aarch64-buildroot-linux-gnu/sysroot/usr/lib/../lib64/crt1.o

.gnu.version_r  0x0000000000403940       0x20
 *(SORT(.gnu.version_r))
 .gnu.version_r
                0x0000000000403940       0x20 /home/beyond2002/buildroot-2017.02.8/output/host/usr/aarch64-buildroot-linux-gnu/sysroot/usr/lib/../lib64/crt1.o

.rela.dyn       0x0000000000403960       0xd8
 *(SORT(.rela.init))
 *(SORT(.rela.text) SORT(.rela.text.*) SORT(.rela.gnu.linkonce.t.*))
 *(SORT(.rela.fini))
 *(SORT(.rela.rodata) SORT(.rela.rodata.*) SORT(.rela.gnu.linkonce.r.*))
 *(SORT(.rela.data) SORT(.rela.data.*) SORT(.rela.gnu.linkonce.d.*))
 *(SORT(.rela.tdata) SORT(.rela.tdata.*) SORT(.rela.gnu.linkonce.td.*))
 *(SORT(.rela.tbss) SORT(.rela.tbss.*) SORT(.rela.gnu.linkonce.tb.*))
 *(SORT(.rela.ctors))
 *(SORT(.rela.dtors))
 *(SORT(.rela.got))
 .rela.got      0x0000000000403960       0x18 /home/beyond2002/buildroot-2017.02.8/output/host/usr/aarch64-buildroot-linux-gnu/sysroot/usr/lib/../lib64/crt1.o
 *(SORT(.rela.bss) SORT(.rela.bss.*) SORT(.rela.gnu.linkonce.b.*))
 .rela.bss      0x0000000000403978       0xc0 /home/beyond2002/buildroot-2017.02.8/output/host/usr/aarch64-buildroot-linux-gnu/sysroot/usr/lib/../lib64/crt1.o
 *(SORT(.rela.ifunc))

.rela.plt       0x0000000000403a38     0x1ed8
 *(SORT(.rela.plt))
 .rela.plt      0x0000000000403a38     0x1ed8 /home/beyond2002/buildroot-2017.02.8/output/host/usr/aarch64-buildroot-linux-gnu/sysroot/usr/lib/../lib64/crt1.o
                [!provide]                        PROVIDE (__rela_iplt_start, .)
 *(SORT(.rela.iplt))
 .rela.iplt     0x0000000000405910        0x0 /home/beyond2002/buildroot-2017.02.8/output/host/usr/aarch64-buildroot-linux-gnu/sysroot/usr/lib/../lib64/crt1.o
                [!provide]                        PROVIDE (__rela_iplt_end, .)

.init           0x0000000000405910       0x14
 *(SORT(.init))
 .init          0x0000000000405910        0xc /home/beyond2002/buildroot-2017.02.8/output/host/usr/aarch64-buildroot-linux-gnu/sysroot/usr/lib/../lib64/crti.o
                0x0000000000405910                _init
 .init          0x000000000040591c        0x8 /home/beyond2002/buildroot-2017.02.8/output/host/usr/aarch64-buildroot-linux-gnu/sysroot/usr/lib/../lib64/crtn.o

.plt            0x0000000000405930     0x14b0
 *(SORT(.plt))
 .plt           0x0000000000405930     0x14b0 /home/beyond2002/buildroot-2017.02.8/output/host/usr/aarch64-buildroot-linux-gnu/sysroot/usr/lib/../lib64/crt1.o
                0x0000000000405950                memcpy@@GLIBC_2.17
                0x0000000000405960                freopen64@@GLIBC_2.17
                0x0000000000405970                initgroups@@GLIBC_2.17
                0x0000000000405980                personality@@GLIBC_2.17
                0x0000000000405990                memmove@@GLIBC_2.17
                0x00000000004059a0                tcflush@@GLIBC_2.17
                0x00000000004059b0                sendto@@GLIBC_2.17
                0x00000000004059c0                recvmsg@@GLIBC_2.17
                0x00000000004059d0                _exit@@GLIBC_2.17
                0x00000000004059e0                getcwd@@GLIBC_2.17
                0x00000000004059f0                freeaddrinfo@@GLIBC_2.17
                0x0000000000405a00                pututxline@@GLIBC_2.17
                0x0000000000405a10                setuid@@GLIBC_2.17
                0x0000000000405a20                strtok@@GLIBC_2.17
                0x0000000000405a30                strtoul@@GLIBC_2.17
                0x0000000000405a40                strlen@@GLIBC_2.17
                0x0000000000405a50                getsid@@GLIBC_2.17
                0x0000000000405a60                fputs@@GLIBC_2.17
                0x0000000000405a70                atoll@@GLIBC_2.17
                0x0000000000405a80                syslog@@GLIBC_2.17
                0x0000000000405a90                exit@@GLIBC_2.17
                0x0000000000405aa0                _setjmp@@GLIBC_2.17
                0x0000000000405ab0                raise@@GLIBC_2.17
                0x0000000000405ac0                dup@@GLIBC_2.17
                0x0000000000405ad0                __h_errno_location@@GLIBC_2.17
                0x0000000000405ae0                mount@@GLIBC_2.17
                0x0000000000405af0                fchdir@@GLIBC_2.17
                0x0000000000405b00                tcsetpgrp@@GLIBC_2.17
                0x0000000000405b10                execle@@GLIBC_2.17
                0x0000000000405b20                execl@@GLIBC_2.17
                0x0000000000405b30                __cmsg_nxthdr@@GLIBC_2.17
                0x0000000000405b40                listen@@GLIBC_2.17
                0x0000000000405b50                getegid@@GLIBC_2.17
                0x0000000000405b60                strtoll@@GLIBC_2.17
                0x0000000000405b70                getnameinfo@@GLIBC_2.17
                0x0000000000405b80                sigprocmask@@GLIBC_2.17
                0x0000000000405b90                strnlen@@GLIBC_2.17
                0x0000000000405ba0                strtod@@GLIBC_2.17
                0x0000000000405bb0                cfgetospeed@@GLIBC_2.17
                0x0000000000405bc0                geteuid@@GLIBC_2.17
                0x0000000000405bd0                getchar_unlocked@@GLIBC_2.17
                0x0000000000405be0                setbuf@@GLIBC_2.17
                0x0000000000405bf0                semctl@@GLIBC_2.17
                0x0000000000405c00                swapoff@@GLIBC_2.17
                0x0000000000405c10                __xstat64@@GLIBC_2.17
                0x0000000000405c20                __xmknod@@GLIBC_2.17
                0x0000000000405c30                __sigsetjmp@@GLIBC_2.17
                0x0000000000405c40                setutxent@@GLIBC_2.17
                0x0000000000405c50                sendfile64@@GLIBC_2.17
                0x0000000000405c60                ether_hostton@@GLIBC_2.17
                0x0000000000405c70                getrlimit64@@GLIBC_2.17
                0x0000000000405c80                sysinfo@@GLIBC_2.17
                0x0000000000405c90                localtime_r@@GLIBC_2.17
                0x0000000000405ca0                scanf@@GLIBC_2.17
                0x0000000000405cb0                sigsuspend@@GLIBC_2.17
                0x0000000000405cc0                ttyname_r@@GLIBC_2.17
                0x0000000000405cd0                bind@@GLIBC_2.17
                0x0000000000405ce0                sigtimedwait@@GLIBC_2.17
                0x0000000000405cf0                setenv@@GLIBC_2.17
                0x0000000000405d00                semget@@GLIBC_2.17
                0x0000000000405d10                readlink@@GLIBC_2.17
                0x0000000000405d20                getgrnam@@GLIBC_2.17
                0x0000000000405d30                fgets_unlocked@@GLIBC_2.17
                0x0000000000405d40                ferror_unlocked@@GLIBC_2.17
                0x0000000000405d50                sprintf@@GLIBC_2.17
                0x0000000000405d60                getuid@@GLIBC_2.17
                0x0000000000405d70                pipe@@GLIBC_2.17
                0x0000000000405d80                opendir@@GLIBC_2.17
                0x0000000000405d90                reboot@@GLIBC_2.17
                0x0000000000405da0                strftime@@GLIBC_2.17
                0x0000000000405db0                closelog@@GLIBC_2.17
                0x0000000000405dc0                __cxa_atexit@@GLIBC_2.17
                0x0000000000405dd0                pivot_root@@GLIBC_2.17
                0x0000000000405de0                qsort@@GLIBC_2.17
                0x0000000000405df0                ctime@@GLIBC_2.17
                0x0000000000405e00                mktemp@@GLIBC_2.17
                0x0000000000405e10                inet_ntoa@@GLIBC_2.17
                0x0000000000405e20                kill@@GLIBC_2.17
                0x0000000000405e30                fork@@GLIBC_2.17
                0x0000000000405e40                tcgetsid@@GLIBC_2.17
                0x0000000000405e50                sched_setscheduler@@GLIBC_2.17
                0x0000000000405e60                strptime@@GLIBC_2.17
                0x0000000000405e70                endgrent@@GLIBC_2.17
                0x0000000000405e80                getopt_long_only@@GLIBC_2.17
                0x0000000000405e90                mkfifo@@GLIBC_2.17
                0x0000000000405ea0                sigfillset@@GLIBC_2.17
                0x0000000000405eb0                pread64@@GLIBC_2.17
                0x0000000000405ec0                snprintf@@GLIBC_2.17
                0x0000000000405ed0                cfsetospeed@@GLIBC_2.17
                0x0000000000405ee0                gnu_dev_makedev@@GLIBC_2.17
                0x0000000000405ef0                tcgetattr@@GLIBC_2.17
                0x0000000000405f00                umount2@@GLIBC_2.17
                0x0000000000405f10                stpcpy@@GLIBC_2.17
                0x0000000000405f20                putc_unlocked@@GLIBC_2.17
                0x0000000000405f30                localtime@@GLIBC_2.17
                0x0000000000405f40                msgctl@@GLIBC_2.17
                0x0000000000405f50                signal@@GLIBC_2.17
                0x0000000000405f60                klogctl@@GLIBC_2.17
                0x0000000000405f70                ftruncate64@@GLIBC_2.17
                0x0000000000405f80                fclose@@GLIBC_2.17
                0x0000000000405f90                fsync@@GLIBC_2.17
                0x0000000000405fa0                wait3@@GLIBC_2.17
                0x0000000000405fb0                atoi@@GLIBC_2.17
                0x0000000000405fc0                getpid@@GLIBC_2.17
                0x0000000000405fd0                time@@GLIBC_2.17
                0x0000000000405fe0                malloc@@GLIBC_2.17
                0x0000000000405ff0                setsockopt@@GLIBC_2.17
                0x0000000000406000                chmod@@GLIBC_2.17
                0x0000000000406010                mkstemp64@@GLIBC_2.17
                0x0000000000406020                getspnam_r@@GLIBC_2.17
                0x0000000000406030                poll@@GLIBC_2.17
                0x0000000000406040                tzset@@GLIBC_2.17
                0x0000000000406050                popen@@GLIBC_2.17
                0x0000000000406060                getppid@@GLIBC_2.17
                0x0000000000406070                sigemptyset@@GLIBC_2.17
                0x0000000000406080                strncmp@@GLIBC_2.17
                0x0000000000406090                recvfrom@@GLIBC_2.17
                0x00000000004060a0                fileno_unlocked@@GLIBC_2.17
                0x00000000004060b0                __libc_start_main@@GLIBC_2.17
                0x00000000004060c0                strverscmp@@GLIBC_2.17
                0x00000000004060d0                strcat@@GLIBC_2.17
                0x00000000004060e0                flock@@GLIBC_2.17
                0x00000000004060f0                memset@@GLIBC_2.17
                0x0000000000406100                fdopen@@GLIBC_2.17
                0x0000000000406110                tcdrain@@GLIBC_2.17
                0x0000000000406120                strpbrk@@GLIBC_2.17
                0x0000000000406130                gettimeofday@@GLIBC_2.17
                0x0000000000406140                getpwnam@@GLIBC_2.17
                0x0000000000406150                getopt@@GLIBC_2.17
                0x0000000000406160                gmtime_r@@GLIBC_2.17
                0x0000000000406170                vfork@@GLIBC_2.17
                0x0000000000406180                getgroups@@GLIBC_2.17
                0x0000000000406190                lseek64@@GLIBC_2.17
                0x00000000004061a0                sleep@@GLIBC_2.17
                0x00000000004061b0                fchmod@@GLIBC_2.17
                0x00000000004061c0                accept@@GLIBC_2.17
                0x00000000004061d0                fseeko64@@GLIBC_2.17
                0x00000000004061e0                sendmsg@@GLIBC_2.17
                0x00000000004061f0                atof@@GLIBC_2.17
                0x0000000000406200                putchar_unlocked@@GLIBC_2.17
                0x0000000000406210                sscanf@@GLIBC_2.17
                0x0000000000406220                __res_state@@GLIBC_2.17
                0x0000000000406230                setmntent@@GLIBC_2.17
                0x0000000000406240                endmntent@@GLIBC_2.17
                0x0000000000406250                dprintf@@GLIBC_2.17
                0x0000000000406260                bsearch@@GLIBC_2.17
                0x0000000000406270                execv@@GLIBC_2.17
                0x0000000000406280                strcasecmp@@GLIBC_2.17
                0x0000000000406290                realloc@@GLIBC_2.17
                0x00000000004062a0                getpagesize@@GLIBC_2.17
                0x00000000004062b0                putenv@@GLIBC_2.17
                0x00000000004062c0                updwtmpx@@GLIBC_2.17
                0x00000000004062d0                system@@GLIBC_2.17
                0x00000000004062e0                rand@@GLIBC_2.17
                0x00000000004062f0                strdup@@GLIBC_2.17
                0x0000000000406300                fscanf@@GLIBC_2.17
                0x0000000000406310                closedir@@GLIBC_2.17
                0x0000000000406320                getc_unlocked@@GLIBC_2.17
                0x0000000000406330                strerror@@GLIBC_2.17
                0x0000000000406340                sched_get_priority_max@@GLIBC_2.17
                0x0000000000406350                close@@GLIBC_2.17
                0x0000000000406360                statfs64@@GLIBC_2.17
                0x0000000000406370                sigaction@@GLIBC_2.17
                0x0000000000406380                strrchr@@GLIBC_2.17
                0x0000000000406390                tcgetpgrp@@GLIBC_2.17
                0x00000000004063a0                recv@@GLIBC_2.17
                0x00000000004063c0                mktime@@GLIBC_2.17
                0x00000000004063d0                write@@GLIBC_2.17
                0x00000000004063e0                mkdtemp@@GLIBC_2.17
                0x00000000004063f0                abort@@GLIBC_2.17
                0x0000000000406400                openlog@@GLIBC_2.17
                0x0000000000406410                setegid@@GLIBC_2.17
                0x0000000000406420                setgid@@GLIBC_2.17
                0x0000000000406430                gethostid@@GLIBC_2.17
                0x0000000000406440                access@@GLIBC_2.17
                0x0000000000406450                getservbyport@@GLIBC_2.17
                0x0000000000406460                gnu_dev_major@@GLIBC_2.17
                0x0000000000406470                puts@@GLIBC_2.17
                0x0000000000406480                memcmp@@GLIBC_2.17
                0x0000000000406490                strsep@@GLIBC_2.17
                0x00000000004064a0                getopt_long@@GLIBC_2.17
                0x00000000004064b0                execvp@@GLIBC_2.17
                0x00000000004064c0                getpriority@@GLIBC_2.17
                0x00000000004064d0                msgget@@GLIBC_2.17
                0x00000000004064e0                strcmp@@GLIBC_2.17
                0x00000000004064f0                getpwuid@@GLIBC_2.17
                0x0000000000406500                ftello64@@GLIBC_2.17
                0x0000000000406510                shmctl@@GLIBC_2.17
                0x0000000000406520                rmdir@@GLIBC_2.17
                0x0000000000406530                setrlimit64@@GLIBC_2.17
                0x0000000000406540                lchown@@GLIBC_2.17
                0x0000000000406550                strtol@@GLIBC_2.17
                0x0000000000406560                sched_yield@@GLIBC_2.17
                0x0000000000406570                fread@@GLIBC_2.17
                0x0000000000406580                setpgid@@GLIBC_2.17
                0x0000000000406590                utmpxname@@GLIBC_2.17
                0x00000000004065a0                __lxstat64@@GLIBC_2.17
                0x00000000004065b0                getline@@GLIBC_2.17
                0x00000000004065c0                cfsetspeed@@GLIBC_2.17
                0x00000000004065d0                hstrerror@@GLIBC_2.17
                0x00000000004065e0                chdir@@GLIBC_2.17
                0x00000000004065f0                free@@GLIBC_2.17
                0x0000000000406600                inet_pton@@GLIBC_2.17
                0x0000000000406610                sched_get_priority_min@@GLIBC_2.17
                0x0000000000406620                sync@@GLIBC_2.17
                0x0000000000406630                ungetc@@GLIBC_2.17
                0x0000000000406640                getgid@@GLIBC_2.17
                0x0000000000406650                endutxent@@GLIBC_2.17
                0x0000000000406660                sched_getscheduler@@GLIBC_2.17
                0x0000000000406670                __fxstat64@@GLIBC_2.17
                0x0000000000406680                shmget@@GLIBC_2.17
                0x0000000000406690                getpgrp@@GLIBC_2.17
                0x00000000004066a0                readdir64@@GLIBC_2.17
                0x00000000004066b0                symlink@@GLIBC_2.17
                0x00000000004066c0                __res_init@@GLIBC_2.17
                0x00000000004066d0                getgrouplist@@GLIBC_2.17
                0x00000000004066e0                strncasecmp@@GLIBC_2.17
                0x00000000004066f0                nanosleep@@GLIBC_2.17
                0x0000000000406700                vasprintf@@GLIBC_2.17
                0x0000000000406710                siglongjmp@@GLIBC_2.17
                0x0000000000406720                sethostname@@GLIBC_2.17
                0x0000000000406730                hasmntopt@@GLIBC_2.17
                0x0000000000406740                connect@@GLIBC_2.17
                0x0000000000406750                strspn@@GLIBC_2.17
                0x0000000000406760                killpg@@GLIBC_2.17
                0x0000000000406770                strchr@@GLIBC_2.17
                0x0000000000406780                feof_unlocked@@GLIBC_2.17
                0x0000000000406790                seteuid@@GLIBC_2.17
                0x00000000004067a0                strtoull@@GLIBC_2.17
                0x00000000004067b0                mallopt@@GLIBC_2.17
                0x00000000004067c0                getusershell@@GLIBC_2.17
                0x00000000004067d0                execve@@GLIBC_2.17
                0x00000000004067e0                setpgrp@@GLIBC_2.17
                0x00000000004067f0                memrchr@@GLIBC_2.17
                0x0000000000406800                tcsendbreak@@GLIBC_2.17
                0x0000000000406810                rename@@GLIBC_2.17
                0x0000000000406820                fwrite@@GLIBC_2.17
                0x0000000000406830                fnmatch@@GLIBC_2.17
                0x0000000000406840                dirname@@GLIBC_2.17
                0x0000000000406850                times@@GLIBC_2.17
                0x0000000000406860                fcntl@@GLIBC_2.17
                0x0000000000406870                sched_getparam@@GLIBC_2.17
                0x0000000000406880                wait@@GLIBC_2.17
                0x0000000000406890                setgroups@@GLIBC_2.17
                0x00000000004068a0                clearerr@@GLIBC_2.17
                0x00000000004068b0                socket@@GLIBC_2.17
                0x00000000004068c0                munmap@@GLIBC_2.17
                0x00000000004068d0                fflush@@GLIBC_2.17
                0x00000000004068e0                gnu_dev_minor@@GLIBC_2.17
                0x00000000004068f0                strcpy@@GLIBC_2.17
                0x0000000000406900                chroot@@GLIBC_2.17
                0x0000000000406910                swapon@@GLIBC_2.17
                0x0000000000406920                unsetenv@@GLIBC_2.17
                0x0000000000406930                vsprintf@@GLIBC_2.17
                0x0000000000406940                fopen64@@GLIBC_2.17
                0x0000000000406950                mlock@@GLIBC_2.17
                0x0000000000406960                getaddrinfo@@GLIBC_2.17
                0x0000000000406970                read@@GLIBC_2.17
                0x0000000000406980                memchr@@GLIBC_2.17
                0x0000000000406990                tcsetattr@@GLIBC_2.17
                0x00000000004069a0                isatty@@GLIBC_2.17
                0x00000000004069b0                sysconf@@GLIBC_2.17
                0x00000000004069c0                getpwent@@GLIBC_2.17
                0x00000000004069d0                cfgetispeed@@GLIBC_2.17
                0x00000000004069e0                open64@@GLIBC_2.17
                0x00000000004069f0                getmntent_r@@GLIBC_2.17
                0x0000000000406a00                select@@GLIBC_2.17
                0x0000000000406a10                vprintf@@GLIBC_2.17
                0x0000000000406a20                cfmakeraw@@GLIBC_2.17
                0x0000000000406a30                utimes@@GLIBC_2.17
                0x0000000000406a40                srand@@GLIBC_2.17
                0x0000000000406a50                inet_aton@@GLIBC_2.17
                0x0000000000406a60                setsid@@GLIBC_2.17
                0x0000000000406a70                if_nametoindex@@GLIBC_2.17
                0x0000000000406a80                strchrnul@@GLIBC_2.17
                0x0000000000406a90                munlock@@GLIBC_2.17
                0x0000000000406aa0                strstr@@GLIBC_2.17
                0x0000000000406ab0                usleep@@GLIBC_2.17
                0x0000000000406ac0                settimeofday@@GLIBC_2.17
                0x0000000000406ad0                link@@GLIBC_2.17
                0x0000000000406ae0                realpath@@GLIBC_2.17
                0x0000000000406af0                vsnprintf@@GLIBC_2.17
                0x0000000000406b00                regexec@@GLIBC_2.17
                0x0000000000406b10                cfsetispeed@@GLIBC_2.17
                0x0000000000406b20                fputs_unlocked@@GLIBC_2.17
                0x0000000000406b30                inet_addr@@GLIBC_2.17
                0x0000000000406b40                stime@@GLIBC_2.17
                0x0000000000406b50                longjmp@@GLIBC_2.17
                0x0000000000406b60                setlinebuf@@GLIBC_2.17
                0x0000000000406b70                sigdelset@@GLIBC_2.17
                0x0000000000406b80                getmntent@@GLIBC_2.17
                0x0000000000406b90                regfree@@GLIBC_2.17
                0x0000000000406ba0                dup2@@GLIBC_2.17
                0x0000000000406bb0                regcomp@@GLIBC_2.17
                0x0000000000406bc0                strncpy@@GLIBC_2.17
                0x0000000000406bd0                strsignal@@GLIBC_2.17
                0x0000000000406be0                pclose@@GLIBC_2.17
                0x0000000000406bf0                sigaddset@@GLIBC_2.17
                0x0000000000406c00                clearenv@@GLIBC_2.17
                0x0000000000406c10                umask@@GLIBC_2.17
                0x0000000000406c20                strcspn@@GLIBC_2.17
                0x0000000000406c30                vfprintf@@GLIBC_2.17
                0x0000000000406c40                printf@@GLIBC_2.17
                0x0000000000406c50                __errno_location@@GLIBC_2.17
                0x0000000000406c60                execlp@@GLIBC_2.17
                0x0000000000406c70                regerror@@GLIBC_2.17
                0x0000000000406c80                uname@@GLIBC_2.17
                0x0000000000406c90                mmap64@@GLIBC_2.17
                0x0000000000406ca0                getenv@@GLIBC_2.17
                0x0000000000406cb0                setpriority@@GLIBC_2.17
                0x0000000000406cc0                getgrgid@@GLIBC_2.17
                0x0000000000406cd0                alarm@@GLIBC_2.17
                0x0000000000406ce0                chown@@GLIBC_2.17
                0x0000000000406cf0                getutxent@@GLIBC_2.17
                0x0000000000406d00                getlogin_r@@GLIBC_2.17
                0x0000000000406d10                syscall@@GLIBC_2.17
                0x0000000000406d20                getsockname@@GLIBC_2.17
                0x0000000000406d30                getservbyname@@GLIBC_2.17
                0x0000000000406d40                waitpid@@GLIBC_2.17
                0x0000000000406d50                unlink@@GLIBC_2.17
                0x0000000000406d60                ether_aton_r@@GLIBC_2.17
                0x0000000000406d70                fchown@@GLIBC_2.17
                0x0000000000406d80                mkdir@@GLIBC_2.17
                0x0000000000406d90                fprintf@@GLIBC_2.17
                0x0000000000406da0                strcasestr@@GLIBC_2.17
                0x0000000000406db0                inet_ntop@@GLIBC_2.17
                0x0000000000406dc0                gethostbyname@@GLIBC_2.17
                0x0000000000406dd0                ioctl@@GLIBC_2.17
 *(SORT(.iplt))
 .iplt          0x0000000000406de0        0x0 /home/beyond2002/buildroot-2017.02.8/output/host/usr/aarch64-buildroot-linux-gnu/sysroot/usr/lib/../lib64/crt1.o

.text           0x0000000000406de0    0x77e10
 *(SORT(.text.unlikely) SORT(.text.*_unlikely) SORT(.text.unlikely.*))
 *(SORT(.text.exit) SORT(.text.exit.*))
 *(SORT(.text.startup) SORT(.text.startup.*))
 *(SORT(.text.hot) SORT(.text.hot.*))
 *(SORT(.text) SORT(.stub) SORT(.text.*) SORT(.gnu.linkonce.t.*))
 .text          0x0000000000406de0       0x48 /home/beyond2002/buildroot-2017.02.8/output/host/usr/aarch64-buildroot-linux-gnu/sysroot/usr/lib/../lib64/crt1.o
                0x0000000000406de0                _start
 .text          0x0000000000406e28       0xf0 /home/beyond2002/buildroot-2017.02.8/output/host/opt/ext-toolchain/bin/../lib/gcc/aarch64-linux-gnu/6.4.1/crtbegin.o
 .text.showmode
                0x0000000000406f18      0x140 util-linux/lib.a(fbset.o)
 .text.sleep_main
                0x0000000000407058      0x178 coreutils/lib.a(sleep.o)
                0x0000000000407058                sleep_main
 .text.evaluate
                0x00000000004071d0      0xcd8 editors/lib.a(awk.o)
 .text          0x0000000000407ea8       0x7c /home/beyond2002/buildroot-2017.02.8/output/host/usr/aarch64-buildroot-linux-gnu/sysroot/usr/lib/libc_nonshared.a(elf-init.oS)
                0x0000000000407ea8                __libc_csu_init
                0x0000000000407f20                __libc_csu_fini
 *fill*         0x0000000000407f24        0x4 00000000
 .text          0x0000000000407f28       0x24 /home/beyond2002/buildroot-2017.02.8/output/host/usr/aarch64-buildroot-linux-gnu/sysroot/usr/lib/libc_nonshared.a(atexit.oS)
                0x0000000000407f28                atexit
 *fill*         0x0000000000407f4c        0x4 00000000
 .text          0x0000000000407f50       0x10 /home/beyond2002/buildroot-2017.02.8/output/host/usr/aarch64-buildroot-linux-gnu/sysroot/usr/lib/libc_nonshared.a(stat64.oS)
                0x0000000000407f50                stat64
 .text          0x0000000000407f60       0x10 /home/beyond2002/buildroot-2017.02.8/output/host/usr/aarch64-buildroot-linux-gnu/sysroot/usr/lib/libc_nonshared.a(fstat64.oS)
                0x0000000000407f60                fstat64
 .text          0x0000000000407f70       0x10 /home/beyond2002/buildroot-2017.02.8/output/host/usr/aarch64-buildroot-linux-gnu/sysroot/usr/lib/libc_nonshared.a(lstat64.oS)
                0x0000000000407f70                lstat64
 .text          0x0000000000407f80       0x28 /home/beyond2002/buildroot-2017.02.8/output/host/usr/aarch64-buildroot-linux-gnu/sysroot/usr/lib/libc_nonshared.a(mknod.oS)
                0x0000000000407f80                mknod
                0x0000000000407f80                __mknod
 .text          0x0000000000407fa8       0x14 /home/beyond2002/buildroot-2017.02.8/output/host/usr/aarch64-buildroot-linux-gnu/sysroot/usr/lib/../lib64/crti.o
 .text.find_applet_by_name
                0x0000000000407fbc       0xc0 libbb/lib.a(appletlib.o)
                0x0000000000407fbc                find_applet_by_name
 .text.bb_show_usage
                0x000000000040807c       0x9c libbb/lib.a(appletlib.o)
                0x000000000040807c                bb_show_usage
 .text.lbb_prepare
                0x0000000000408118       0x24 libbb/lib.a(appletlib.o)
                0x0000000000408118                lbb_prepare
 .text.run_applet_no_and_exit
                0x000000000040813c      0x114 libbb/lib.a(appletlib.o)
                0x000000000040813c                run_applet_no_and_exit
 .text.run_applet_and_exit
                0x0000000000408250      0x33c libbb/lib.a(appletlib.o)
 .text.main     0x000000000040858c       0x74 libbb/lib.a(appletlib.o)
                0x000000000040858c                main
 .text.is_prefixed_with
                0x0000000000408600       0x34 libbb/lib.a(compare_string_array.o)
                0x0000000000408600                is_prefixed_with
 .text.index_in_strings
                0x0000000000408634       0x58 libbb/lib.a(compare_string_array.o)
                0x0000000000408634                index_in_strings
 .text.index_in_substrings
                0x000000000040868c       0x98 libbb/lib.a(compare_string_array.o)
                0x000000000040868c                index_in_substrings
 .text.nth_string
                0x0000000000408724       0x3c libbb/lib.a(compare_string_array.o)
                0x0000000000408724                nth_string
 .text.concat_path_file
                0x0000000000408760       0x74 libbb/lib.a(concat_path_file.o)
                0x0000000000408760                concat_path_file
 .text.bb_basename
                0x00000000004087d4       0x20 libbb/lib.a(get_last_path_component.o)
                0x00000000004087d4                bb_basename
 .text.bb_get_last_path_component_nostrip
                0x00000000004087f4       0x38 libbb/lib.a(get_last_path_component.o)
                0x00000000004087f4                bb_get_last_path_component_nostrip
 .text.bb_get_last_path_component_strip
                0x000000000040882c       0x3c libbb/lib.a(get_last_path_component.o)
                0x000000000040882c                bb_get_last_path_component_strip
 .text.last_char_is
                0x0000000000408868       0x50 libbb/lib.a(last_char_is.o)
                0x0000000000408868                last_char_is
 .text.bb_perror_msg
                0x00000000004088b8       0x9c libbb/lib.a(perror_msg.o)
                0x00000000004088b8                bb_perror_msg
 .text.bb_perror_msg_and_die
                0x0000000000408954       0x98 libbb/lib.a(perror_msg.o)
                0x0000000000408954                bb_perror_msg_and_die
 .text.bb_simple_perror_msg
                0x00000000004089ec       0x10 libbb/lib.a(perror_msg.o)
                0x00000000004089ec                bb_simple_perror_msg
 .text.bb_simple_perror_msg_and_die
                0x00000000004089fc       0x14 libbb/lib.a(perror_msg.o)
                0x00000000004089fc                bb_simple_perror_msg_and_die
 .text.bb_verror_msg
                0x0000000000408a10      0x23c libbb/lib.a(verror_msg.o)
                0x0000000000408a10                bb_verror_msg
 .text.bb_error_msg_and_die
                0x0000000000408c4c       0x78 libbb/lib.a(verror_msg.o)
                0x0000000000408c4c                bb_error_msg_and_die
 .text.bb_error_msg
                0x0000000000408cc4       0x80 libbb/lib.a(verror_msg.o)
                0x0000000000408cc4                bb_error_msg
 .text.xfunc_die
                0x0000000000408d44       0x20 libbb/lib.a(xfunc_die.o)
                0x0000000000408d44                xfunc_die
 .text.ndelay_on
                0x0000000000408d64       0x3c libbb/lib.a(xfuncs.o)
                0x0000000000408d64                ndelay_on
 .text.ndelay_off
                0x0000000000408da0       0x3c libbb/lib.a(xfuncs.o)
                0x0000000000408da0                ndelay_off
 .text.close_on_exec_on
                0x0000000000408ddc        0xc libbb/lib.a(xfuncs.o)
                0x0000000000408ddc                close_on_exec_on
 .text.strncpy_IFNAMSIZ
                0x0000000000408de8        0x8 libbb/lib.a(xfuncs.o)
                0x0000000000408de8                strncpy_IFNAMSIZ
 .text.utoa_to_buf
                0x0000000000408df0       0x64 libbb/lib.a(xfuncs.o)
                0x0000000000408df0                utoa_to_buf
 .text.itoa_to_buf
                0x0000000000408e54       0x28 libbb/lib.a(xfuncs.o)
                0x0000000000408e54                itoa_to_buf
 .text.utoa     0x0000000000408e7c       0x28 libbb/lib.a(xfuncs.o)
                0x0000000000408e7c                utoa
 .text.itoa     0x0000000000408ea4       0x28 libbb/lib.a(xfuncs.o)
                0x0000000000408ea4                itoa
 .text.bin2hex  0x0000000000408ecc       0x4c libbb/lib.a(xfuncs.o)
                0x0000000000408ecc                bin2hex
 .text.hex2bin  0x0000000000408f18       0xe0 libbb/lib.a(xfuncs.o)
                0x0000000000408f18                hex2bin
 .text.bb_putchar_stderr
                0x0000000000408ff8       0x20 libbb/lib.a(xfuncs.o)
                0x0000000000408ff8                bb_putchar_stderr
 .text.full_write1_str
                0x0000000000409018       0x20 libbb/lib.a(xfuncs.o)
                0x0000000000409018                full_write1_str
 .text.full_write2_str
                0x0000000000409038       0x20 libbb/lib.a(xfuncs.o)
                0x0000000000409038                full_write2_str
 .text.get_terminal_width_height
                0x0000000000409058      0x140 libbb/lib.a(xfuncs.o)
                0x0000000000409058                get_terminal_width_height
 .text.get_terminal_width
                0x0000000000409198       0x1c libbb/lib.a(xfuncs.o)
                0x0000000000409198                get_terminal_width
 .text.tcsetattr_stdin_TCSANOW
                0x00000000004091b4       0x10 libbb/lib.a(xfuncs.o)
                0x00000000004091b4                tcsetattr_stdin_TCSANOW
 .text.safe_waitpid
                0x00000000004091c4       0x54 libbb/lib.a(xfuncs.o)
                0x00000000004091c4                safe_waitpid
 .text.wait_any_nohang
                0x0000000000409218       0x10 libbb/lib.a(xfuncs.o)
                0x0000000000409218                wait_any_nohang
 .text.wait4pid
                0x0000000000409228       0x60 libbb/lib.a(xfuncs.o)
                0x0000000000409228                wait4pid
 .text.wait_for_exitstatus
                0x0000000000409288       0x2c libbb/lib.a(xfuncs.o)
                0x0000000000409288                wait_for_exitstatus
 .text.malloc_or_warn
                0x00000000004092b4       0x3c libbb/lib.a(xfuncs_printf.o)
                0x00000000004092b4                malloc_or_warn
 .text.xmalloc  0x00000000004092f0       0x2c libbb/lib.a(xfuncs_printf.o)
                0x00000000004092f0                xmalloc
 .text.xrealloc
                0x000000000040931c       0x2c libbb/lib.a(xfuncs_printf.o)
                0x000000000040931c                xrealloc
 .text.xzalloc  0x0000000000409348       0x30 libbb/lib.a(xfuncs_printf.o)
                0x0000000000409348                xzalloc
 .text.xstrdup  0x0000000000409378       0x2c libbb/lib.a(xfuncs_printf.o)
                0x0000000000409378                xstrdup
 .text.xstrndup
                0x00000000004093a4       0x50 libbb/lib.a(xfuncs_printf.o)
                0x00000000004093a4                xstrndup
 .text.xmemdup  0x00000000004093f4       0x2c libbb/lib.a(xfuncs_printf.o)
                0x00000000004093f4                xmemdup
 .text.xfopen   0x0000000000409420       0x28 libbb/lib.a(xfuncs_printf.o)
                0x0000000000409420                xfopen
 .text.xopen3   0x0000000000409448       0x28 libbb/lib.a(xfuncs_printf.o)
                0x0000000000409448                xopen3
 .text.xopen    0x0000000000409470        0x8 libbb/lib.a(xfuncs_printf.o)
                0x0000000000409470                xopen
 .text.open3_or_warn
                0x0000000000409478       0x38 libbb/lib.a(xfuncs_printf.o)
                0x0000000000409478                open3_or_warn
 .text.open_or_warn
                0x00000000004094b0        0x8 libbb/lib.a(xfuncs_printf.o)
                0x00000000004094b0                open_or_warn
 .text.xopen_nonblocking
                0x00000000004094b8        0x8 libbb/lib.a(xfuncs_printf.o)
                0x00000000004094b8                xopen_nonblocking
 .text.xunlink  0x00000000004094c0       0x28 libbb/lib.a(xfuncs_printf.o)
                0x00000000004094c0                xunlink
 .text.xrename  0x00000000004094e8       0x38 libbb/lib.a(xfuncs_printf.o)
                0x00000000004094e8                xrename
 .text.xpipe    0x0000000000409520       0x20 libbb/lib.a(xfuncs_printf.o)
                0x0000000000409520                xpipe
 .text.xdup2    0x0000000000409540       0x28 libbb/lib.a(xfuncs_printf.o)
                0x0000000000409540                xdup2
 .text.xmove_fd
                0x0000000000409568       0x24 libbb/lib.a(xfuncs_printf.o)
                0x0000000000409568                xmove_fd
 .text.xwrite   0x000000000040958c       0x40 libbb/lib.a(xfuncs_printf.o)
                0x000000000040958c                xwrite
 .text.xwrite_str
                0x00000000004095cc       0x30 libbb/lib.a(xfuncs_printf.o)
                0x00000000004095cc                xwrite_str
 .text.xclose   0x00000000004095fc       0x20 libbb/lib.a(xfuncs_printf.o)
                0x00000000004095fc                xclose
 .text.xlseek   0x000000000040961c       0x48 libbb/lib.a(xfuncs_printf.o)
                0x000000000040961c                xlseek
 .text.xmkstemp
                0x0000000000409664       0x28 libbb/lib.a(xfuncs_printf.o)
                0x0000000000409664                xmkstemp
 .text.die_if_ferror
                0x000000000040968c       0x28 libbb/lib.a(xfuncs_printf.o)
                0x000000000040968c                die_if_ferror
 .text.die_if_ferror_stdout
                0x00000000004096b4       0x14 libbb/lib.a(xfuncs_printf.o)
                0x00000000004096b4                die_if_ferror_stdout
 .text.fflush_all
                0x00000000004096c8        0x8 libbb/lib.a(xfuncs_printf.o)
                0x00000000004096c8                fflush_all
 .text.bb_putchar
                0x00000000004096d0        0x4 libbb/lib.a(xfuncs_printf.o)
                0x00000000004096d0                bb_putchar
 .text.xasprintf
                0x00000000004096d4       0x98 libbb/lib.a(xfuncs_printf.o)
                0x00000000004096d4                xasprintf
 .text.xsetenv  0x000000000040976c       0x24 libbb/lib.a(xfuncs_printf.o)
                0x000000000040976c                xsetenv
 .text.bb_unsetenv
                0x0000000000409790       0x40 libbb/lib.a(xfuncs_printf.o)
                0x0000000000409790                bb_unsetenv
 .text.bb_unsetenv_and_free
                0x00000000004097d0       0x18 libbb/lib.a(xfuncs_printf.o)
                0x00000000004097d0                bb_unsetenv_and_free
 .text.xsetgid  0x00000000004097e8       0x20 libbb/lib.a(xfuncs_printf.o)
                0x00000000004097e8                xsetgid
 .text.xsetuid  0x0000000000409808       0x20 libbb/lib.a(xfuncs_printf.o)
                0x0000000000409808                xsetuid
 .text.xsetegid
                0x0000000000409828       0x20 libbb/lib.a(xfuncs_printf.o)
                0x0000000000409828                xsetegid
 .text.xseteuid
                0x0000000000409848       0x20 libbb/lib.a(xfuncs_printf.o)
                0x0000000000409848                xseteuid
 .text.xopen_as_uid_gid
                0x0000000000409868       0x78 libbb/lib.a(xfuncs_printf.o)
                0x0000000000409868                xopen_as_uid_gid
 .text.xchdir   0x00000000004098e0       0x28 libbb/lib.a(xfuncs_printf.o)
                0x00000000004098e0                xchdir
 .text.xchroot  0x0000000000409908       0x30 libbb/lib.a(xfuncs_printf.o)
                0x0000000000409908                xchroot
 .text.warn_opendir
                0x0000000000409938       0x38 libbb/lib.a(xfuncs_printf.o)
                0x0000000000409938                warn_opendir
 .text.xopendir
                0x0000000000409970       0x28 libbb/lib.a(xfuncs_printf.o)
                0x0000000000409970                xopendir
 .text.xsocket  0x0000000000409998       0x20 libbb/lib.a(xfuncs_printf.o)
                0x0000000000409998                xsocket
 .text.xbind    0x00000000004099b8       0x20 libbb/lib.a(xfuncs_printf.o)
                0x00000000004099b8                xbind
 .text.xsendto  0x00000000004099d8       0x2c libbb/lib.a(xfuncs_printf.o)
                0x00000000004099d8                xsendto
 .text.xstat    0x0000000000409a04       0x28 libbb/lib.a(xfuncs_printf.o)
                0x0000000000409a04                xstat
 .text.xfstat   0x0000000000409a2c       0x20 libbb/lib.a(xfuncs_printf.o)
                0x0000000000409a2c                xfstat
 .text.ioctl_or_perror_and_die
                0x0000000000409a4c       0x98 libbb/lib.a(xfuncs_printf.o)
                0x0000000000409a4c                ioctl_or_perror_and_die
 .text.ioctl_or_perror
                0x0000000000409ae4       0xa4 libbb/lib.a(xfuncs_printf.o)
                0x0000000000409ae4                ioctl_or_perror
 .text.bb_ioctl_or_warn
                0x0000000000409b88       0x34 libbb/lib.a(xfuncs_printf.o)
                0x0000000000409b88                bb_ioctl_or_warn
 .text.bb_xioctl
                0x0000000000409bbc       0x24 libbb/lib.a(xfuncs_printf.o)
                0x0000000000409bbc                bb_xioctl
 .text.xmalloc_ttyname
                0x0000000000409be0       0x2c libbb/lib.a(xfuncs_printf.o)
                0x0000000000409be0                xmalloc_ttyname
 .text.generate_uuid
                0x0000000000409c0c       0xa8 libbb/lib.a(xfuncs_printf.o)
                0x0000000000409c0c                generate_uuid
 .text.xfork    0x0000000000409cb4       0x20 libbb/lib.a(xfuncs_printf.o)
                0x0000000000409cb4                xfork
 .text.xmalloc_readlink
                0x0000000000409cd4       0x78 libbb/lib.a(xreadlink.o)
                0x0000000000409cd4                xmalloc_readlink
 .text.xmalloc_follow_symlinks
                0x0000000000409d4c       0xc8 libbb/lib.a(xreadlink.o)
                0x0000000000409d4c                xmalloc_follow_symlinks
 .text.xmalloc_readlink_or_warn
                0x0000000000409e14       0x60 libbb/lib.a(xreadlink.o)
                0x0000000000409e14                xmalloc_readlink_or_warn
 .text.xmalloc_realpath
                0x0000000000409e74        0x8 libbb/lib.a(xreadlink.o)
                0x0000000000409e74                xmalloc_realpath
 .text.bb_full_fd_action
                0x0000000000409e7c      0x13c libbb/lib.a(copyfd.o)
 .text.bb_copyfd_size
                0x0000000000409fb8       0x10 libbb/lib.a(copyfd.o)
                0x0000000000409fb8                bb_copyfd_size
 .text.bb_copyfd_exact_size
                0x0000000000409fc8       0x3c libbb/lib.a(copyfd.o)
                0x0000000000409fc8                bb_copyfd_exact_size
 .text.bb_copyfd_eof
                0x000000000040a004        0x8 libbb/lib.a(copyfd.o)
                0x000000000040a004                bb_copyfd_eof
 .text.full_write
                0x000000000040a00c       0x60 libbb/lib.a(full_write.o)
                0x000000000040a00c                full_write
 .text.safe_read
                0x000000000040a06c       0x50 libbb/lib.a(read.o)
                0x000000000040a06c                safe_read
 .text.full_read
                0x000000000040a0bc       0x68 libbb/lib.a(read.o)
                0x000000000040a0bc                full_read
 .text.read_close
                0x000000000040a124       0x2c libbb/lib.a(read.o)
                0x000000000040a124                read_close
 .text.open_read_close
                0x000000000040a150       0x40 libbb/lib.a(read.o)
                0x000000000040a150                open_read_close
 .text.safe_write
                0x000000000040a190       0x50 libbb/lib.a(safe_write.o)
                0x000000000040a190                safe_write
 .text.record_signo
                0x000000000040a1e0        0xc libbb/lib.a(signals.o)
                0x000000000040a1e0                record_signo
 .text.sigaction_set
                0x000000000040a1ec        0x8 libbb/lib.a(signals.o)
                0x000000000040a1ec                sigaction_set
 .text.sigprocmask_allsigs
                0x000000000040a1f4       0x28 libbb/lib.a(signals.o)
                0x000000000040a1f4                sigprocmask_allsigs
 .text.bb_signals
                0x000000000040a21c       0x54 libbb/lib.a(signals.o)
                0x000000000040a21c                bb_signals
 .text.bb_signals_recursive_norestart
                0x000000000040a270       0x60 libbb/lib.a(signals.o)
                0x000000000040a270                bb_signals_recursive_norestart
 .text.sig_unblock
                0x000000000040a2d0       0x34 libbb/lib.a(signals.o)
                0x000000000040a2d0                sig_unblock
 .text.kill_myself_with_sig
                0x000000000040a304       0x28 libbb/lib.a(signals.o)
                0x000000000040a304                kill_myself_with_sig
 .text.signal_SA_RESTART_empty_mask
                0x000000000040a32c       0x44 libbb/lib.a(signals.o)
                0x000000000040a32c                signal_SA_RESTART_empty_mask
 .text.signal_no_SA_RESTART_empty_mask
                0x000000000040a370       0x3c libbb/lib.a(signals.o)
                0x000000000040a370                signal_no_SA_RESTART_empty_mask
 .text.get_mono
                0x000000000040a3ac       0x2c libbb/lib.a(time.o)
 .text.parse_datestr
                0x000000000040a3d8      0x464 libbb/lib.a(time.o)
                0x000000000040a3d8                parse_datestr
 .text.validate_tm_time
                0x000000000040a83c       0x30 libbb/lib.a(time.o)
                0x000000000040a83c                validate_tm_time
 .text.strftime_HHMMSS
                0x000000000040a86c       0x54 libbb/lib.a(time.o)
                0x000000000040a86c                strftime_HHMMSS
 .text.strftime_YYYYMMDDHHMMSS
                0x000000000040a8c0       0x54 libbb/lib.a(time.o)
                0x000000000040a8c0                strftime_YYYYMMDDHHMMSS
 .text.monotonic_us
                0x000000000040a914       0x2c libbb/lib.a(time.o)
                0x000000000040a914                monotonic_us
 .text.monotonic_ms
                0x000000000040a940       0x2c libbb/lib.a(time.o)
                0x000000000040a940                monotonic_ms
 .text.monotonic_sec
                0x000000000040a96c       0x18 libbb/lib.a(time.o)
                0x000000000040a96c                monotonic_sec
 .text.handle_errors.isra.0
                0x000000000040a984       0x5c libbb/lib.a(bb_strtonum.o)
 .text.bb_strtoull
                0x000000000040a9e0       0x78 libbb/lib.a(bb_strtonum.o)
                0x000000000040a9e0                bb_strtoull
 .text.bb_strtoll
                0x000000000040aa58       0x84 libbb/lib.a(bb_strtonum.o)
                0x000000000040aa58                bb_strtoll
 .text.bb_strtou
                0x000000000040aadc       0x98 libbb/lib.a(bb_strtonum.o)
                0x000000000040aadc                bb_strtou
 .text.bb_strtoi
                0x000000000040ab74       0xb0 libbb/lib.a(bb_strtonum.o)
                0x000000000040ab74                bb_strtoi
 .text.addgroup_main
                0x000000000040ac24      0x178 loginutils/lib.a(addgroup.o)
                0x000000000040ac24                addgroup_main
 .text.addgroup_wrapper
                0x000000000040ad9c       0x70 loginutils/lib.a(adduser.o)
 .text.adduser_main
                0x000000000040ae0c      0x39c loginutils/lib.a(adduser.o)
                0x000000000040ae0c                adduser_main
 .text.cryptpw_main
                0x000000000040b1a8      0x110 loginutils/lib.a(cryptpw.o)
                0x000000000040b1a8                cryptpw_main
 .text.deluser_main
                0x000000000040b2b8      0x184 loginutils/lib.a(deluser.o)
                0x000000000040b2b8                deluser_main
 .text.sleep10  0x000000000040b43c        0x8 loginutils/lib.a(getty.o)
 .text.bcode    0x000000000040b444       0x24 loginutils/lib.a(getty.o)
 .text.set_tty_attrs
                0x000000000040b468       0x2c loginutils/lib.a(getty.o)
 .text.finalize_tty_attrs
                0x000000000040b494       0x8c loginutils/lib.a(getty.o)
 .text.alarm_handler
                0x000000000040b520       0x10 loginutils/lib.a(getty.o)
 .text.getty_main
                0x000000000040b530      0x72c loginutils/lib.a(getty.o)
                0x000000000040b530                getty_main
 .text.alarm_handler
                0x000000000040bc5c       0x3c loginutils/lib.a(login.o)
 .text.login_main
                0x000000000040bc98      0x464 loginutils/lib.a(login.o)
                0x000000000040bc98                login_main
 .text.passwd_main
                0x000000000040c0fc      0x418 loginutils/lib.a(passwd.o)
                0x000000000040c0fc                passwd_main
 .text.su_main  0x000000000040c514      0x230 loginutils/lib.a(su.o)
                0x000000000040c514                su_main
 .text.sulogin_main
                0x000000000040c744      0x140 loginutils/lib.a(sulogin.o)
                0x000000000040c744                sulogin_main
 .text.acquire_vt
                0x000000000040c884       0x10 loginutils/lib.a(vlock.o)
 .text.release_vt
                0x000000000040c894       0x1c loginutils/lib.a(vlock.o)
 .text.vlock_main
                0x000000000040c8b0      0x1a8 loginutils/lib.a(vlock.o)
                0x000000000040c8b0                vlock_main
 .text.show_min_max
                0x000000000040ca58       0x60 miscutils/lib.a(chrt.o)
 .text.chrt_main
                0x000000000040cab8      0x1bc miscutils/lib.a(chrt.o)
                0x000000000040cab8                chrt_main
 .text.crondlog
                0x000000000040cc74       0x58 miscutils/lib.a(crond.o)
 .text.log8     0x000000000040cccc       0x84 miscutils/lib.a(crond.o)
 .text.log5     0x000000000040cd50       0x84 miscutils/lib.a(crond.o)
 .text.reopen_logfile_to_stderr
                0x000000000040cdd4       0x38 miscutils/lib.a(crond.o)
 .text.delete_cronfile
                0x000000000040ce0c       0xbc miscutils/lib.a(crond.o)
 .text.ParseField
                0x000000000040cec8      0x218 miscutils/lib.a(crond.o)
 .text.start_one_job
                0x000000000040d0e0      0x140 miscutils/lib.a(crond.o)
 .text.log7.constprop.0
                0x000000000040d220       0x88 miscutils/lib.a(crond.o)
 .text.load_crontab
                0x000000000040d2a8      0x2f8 miscutils/lib.a(crond.o)
 .text.rescan_crontab_dir
                0x000000000040d5a0       0xa8 miscutils/lib.a(crond.o)
 .text.crond_main
                0x000000000040d648      0x428 miscutils/lib.a(crond.o)
                0x000000000040d648                crond_main
 .text.edit_file
                0x000000000040da70       0x9c miscutils/lib.a(crontab.o)
 .text.crontab_main
                0x000000000040db0c      0x290 miscutils/lib.a(crontab.o)
                0x000000000040db0c                crontab_main
 .text.pop      0x000000000040dd9c       0x34 miscutils/lib.a(dc.o)
 .text.push     0x000000000040ddd0       0x38 miscutils/lib.a(dc.o)
 .text.divide   0x000000000040de08       0x24 miscutils/lib.a(dc.o)
 .text.mul      0x000000000040de2c       0x24 miscutils/lib.a(dc.o)
 .text.sub      0x000000000040de50       0x24 miscutils/lib.a(dc.o)
 .text.add      0x000000000040de74       0x24 miscutils/lib.a(dc.o)
 .text.eor      0x000000000040de98       0x30 miscutils/lib.a(dc.o)
 .text.not      0x000000000040dec8       0x1c miscutils/lib.a(dc.o)
 .text.or       0x000000000040dee4       0x30 miscutils/lib.a(dc.o)
 .text.and      0x000000000040df14       0x30 miscutils/lib.a(dc.o)
 .text.mod      0x000000000040df44       0x34 miscutils/lib.a(dc.o)
 .text.stack_machine
                0x000000000040df78       0xa4 miscutils/lib.a(dc.o)
 .text.set_output_base
                0x000000000040e01c       0x58 miscutils/lib.a(dc.o)
 .text.print_base
                0x000000000040e074       0xcc miscutils/lib.a(dc.o)
 .text.print_stack_no_pop
                0x000000000040e140       0x3c miscutils/lib.a(dc.o)
 .text.print_no_pop
                0x000000000040e17c       0x30 miscutils/lib.a(dc.o)
 .text.dc_main  0x000000000040e1ac       0x6c miscutils/lib.a(dc.o)
                0x000000000040e1ac                dc_main
 .text.devmem_main
                0x000000000040e218      0x210 miscutils/lib.a(devmem.o)
                0x000000000040e218                devmem_main
 .text.eject_main
                0x000000000040e428       0xa8 miscutils/lib.a(eject.o)
                0x000000000040e428                eject_main
 .text.parse_opts
                0x000000000040e4d0       0x38 miscutils/lib.a(hdparm.o)
 .text.parse_opts_0_1
                0x000000000040e508        0xc miscutils/lib.a(hdparm.o)
 .text.parse_opts_0_INTMAX
                0x000000000040e514        0xc miscutils/lib.a(hdparm.o)
 .text.translate_xfermode
                0x000000000040e520       0x94 miscutils/lib.a(hdparm.o)
 .text.read_big_block
                0x000000000040e5b4       0x3c miscutils/lib.a(hdparm.o)
 .text.xprint_ascii
                0x000000000040e5f0       0x98 miscutils/lib.a(hdparm.o)
 .text.mode_loop
                0x000000000040e688       0xb0 miscutils/lib.a(hdparm.o)
 .text.print_flag
                0x000000000040e738       0x14 miscutils/lib.a(hdparm.o)
 .text.print_flag_on_off
                0x000000000040e74c       0x3c miscutils/lib.a(hdparm.o)
 .text.identify
                0x000000000040e788     0x114c miscutils/lib.a(hdparm.o)
 .text.identify_from_stdin
                0x000000000040f8d4       0x8c miscutils/lib.a(hdparm.o)
 .text.dump_identity
                0x000000000040f960      0x498 miscutils/lib.a(hdparm.o)
 .text.seek_to_zero
                0x000000000040fdf8       0x10 miscutils/lib.a(hdparm.o)
 .text.flush_buffer_cache
                0x000000000040fe08       0x6c miscutils/lib.a(hdparm.o)
 .text.do_time  0x000000000040fe74      0x1a4 miscutils/lib.a(hdparm.o)
 .text.ioctl_alt_func.constprop.1
                0x0000000000410018       0x54 miscutils/lib.a(hdparm.o)
 .text.print_value_on_off
                0x000000000041006c       0x3c miscutils/lib.a(hdparm.o)
 .text.process_dev
                0x00000000004100a8      0xc40 miscutils/lib.a(hdparm.o)
 .text.hdparm_main
                0x0000000000410ce8      0x3d0 miscutils/lib.a(hdparm.o)
                0x0000000000410ce8                hdparm_main
 .text.i2c_bus_lookup
                0x00000000004110b8       0x10 miscutils/lib.a(i2c_tools.o)
 .text.i2c_dev_open
                0x00000000004110c8       0x64 miscutils/lib.a(i2c_tools.o)
 .text.check_funcs_test_end
                0x000000000041112c       0x40 miscutils/lib.a(i2c_tools.o)
 .text.check_read_funcs
                0x000000000041116c       0xec miscutils/lib.a(i2c_tools.o)
 .text.i2c_set_slave_addr
                0x0000000000411258       0x24 miscutils/lib.a(i2c_tools.o)
 .text.confirm_or_abort
                0x000000000041127c       0x38 miscutils/lib.a(i2c_tools.o)
 .text.confirm_action
                0x00000000004112b4       0x84 miscutils/lib.a(i2c_tools.o)
 .text.i2c_smbus_access
                0x0000000000411338       0x28 miscutils/lib.a(i2c_tools.o)
 .text.i2c_smbus_read_byte
                0x0000000000411360       0x2c miscutils/lib.a(i2c_tools.o)
 .text.i2c_smbus_read_word_data
                0x000000000041138c       0x2c miscutils/lib.a(i2c_tools.o)
 .text.i2c_smbus_read_byte_data
                0x00000000004113b8       0x2c miscutils/lib.a(i2c_tools.o)
 .text.list_i2c_busses_and_exit
                0x00000000004113e4      0x238 miscutils/lib.a(i2c_tools.o)
 .text.i2cget_main
                0x000000000041161c      0x210 miscutils/lib.a(i2c_tools.o)
                0x000000000041161c                i2cget_main
 .text.i2cset_main
                0x000000000041182c      0x5c4 miscutils/lib.a(i2c_tools.o)
                0x000000000041182c                i2cset_main
 .text.i2cdump_main
                0x0000000000411df0      0x6ec miscutils/lib.a(i2c_tools.o)
                0x0000000000411df0                i2cdump_main
 .text.i2cdetect_main
                0x00000000004124dc      0x360 miscutils/lib.a(i2c_tools.o)
                0x00000000004124dc                i2cdetect_main
 .text.last_main
                0x000000000041283c      0x20c miscutils/lib.a(last.o)
                0x000000000041283c                last_main
 .text.at_end   0x0000000000412a48       0x6c miscutils/lib.a(less.o)
 .text.safe_lineno
                0x0000000000412ab4       0x38 miscutils/lib.a(less.o)
 .text.opp_bracket
                0x0000000000412aec       0x64 miscutils/lib.a(less.o)
 .text.set_tty_cooked
                0x0000000000412b50       0x24 miscutils/lib.a(less.o)
 .text.clear_line
                0x0000000000412b74       0x1c miscutils/lib.a(less.o)
 .text.less_exit
                0x0000000000412b90       0x3c miscutils/lib.a(less.o)
 .text.sig_catcher
                0x0000000000412bcc        0xc miscutils/lib.a(less.o)
 .text.print_statusline
                0x0000000000412bd8       0x30 miscutils/lib.a(less.o)
 .text.fill_match_lines
                0x0000000000412c08       0xa8 miscutils/lib.a(less.o)
 .text.read_lines
                0x0000000000412cb0      0x34c miscutils/lib.a(less.o)
 .text.goto_lineno
                0x0000000000412ffc       0xb4 miscutils/lib.a(less.o)
 .text.cap_cur_fline
                0x00000000004130b0       0x98 miscutils/lib.a(less.o)
 .text.update_num_lines
                0x0000000000413148      0x114 miscutils/lib.a(less.o)
 .text.m_status_print
                0x000000000041325c      0x148 miscutils/lib.a(less.o)
 .text.status_print
                0x00000000004133a4       0x94 miscutils/lib.a(less.o)
 .text.buffer_print
                0x0000000000413438      0x35c miscutils/lib.a(less.o)
 .text.buffer_fill_and_print
                0x0000000000413794       0xe0 miscutils/lib.a(less.o)
 .text.reinitialize
                0x0000000000413874       0xac miscutils/lib.a(less.o)
 .text.change_file
                0x0000000000413920       0x84 miscutils/lib.a(less.o)
 .text.buffer_down
                0x00000000004139a4       0x54 miscutils/lib.a(less.o)
 .text.buffer_up
                0x00000000004139f8       0x58 miscutils/lib.a(less.o)
 .text.buffer_to_line
                0x0000000000413a50       0x48 miscutils/lib.a(less.o)
 .text.goto_match
                0x0000000000413a98       0x94 miscutils/lib.a(less.o)
 .text.getch_nowait
                0x0000000000413b2c      0x108 miscutils/lib.a(less.o)
 .text.less_getch
                0x0000000000413c34       0x44 miscutils/lib.a(less.o)
 .text.less_gets
                0x0000000000413c78       0xe0 miscutils/lib.a(less.o)
 .text.examine_file
                0x0000000000413d58       0x88 miscutils/lib.a(less.o)
 .text.regex_process
                0x0000000000413de0      0x138 miscutils/lib.a(less.o)
 .text.less_main
                0x0000000000413f18      0x918 miscutils/lib.a(less.o)
                0x0000000000413f18                less_main
 .text.makedevs_main
                0x0000000000414830      0x444 miscutils/lib.a(makedevs.o)
                0x0000000000414830                makedevs_main
 .text.microcom_main
                0x0000000000414c74      0x308 miscutils/lib.a(microcom.o)
                0x0000000000414c74                microcom_main
 .text.mountpoint_main
                0x0000000000414f7c      0x1ec miscutils/lib.a(mountpoint.o)
                0x0000000000414f7c                mountpoint_main
 .text.mt_main  0x0000000000415168      0x120 miscutils/lib.a(mt.o)
                0x0000000000415168                mt_main
 .text.runlevel_main
                0x0000000000415288       0x7c miscutils/lib.a(runlevel.o)
                0x0000000000415288                runlevel_main
 .text.index_in_strings_case_insensitive
                0x0000000000415304       0x58 miscutils/lib.a(setserial.o)
 .text.get_numeric
                0x000000000041535c       0x18 miscutils/lib.a(setserial.o)
 .text.serial_ctl
                0x0000000000415374       0xb8 miscutils/lib.a(setserial.o)
 .text.setserial_main
                0x000000000041542c      0x58c miscutils/lib.a(setserial.o)
                0x000000000041542c                setserial_main
 .text.setsid_main
                0x00000000004159b8       0x7c miscutils/lib.a(setsid.o)
                0x00000000004159b8                setsid_main
 .text.strings_main
                0x0000000000415a34      0x1e8 miscutils/lib.a(strings.o)
                0x0000000000415a34                strings_main
 .text.ptok     0x0000000000415c1c       0x2c miscutils/lib.a(time.o)
 .text.run_command
                0x0000000000415c48       0xf0 miscutils/lib.a(time.o)
 .text.time_main
                0x0000000000415d38      0x460 miscutils/lib.a(time.o)
                0x0000000000415d38                time_main
 .text.ubirename_main
                0x0000000000416198      0x11c miscutils/lib.a(ubirename.o)
                0x0000000000416198                ubirename_main
 .text.watchdog_shutdown
                0x00000000004162b4       0x20 miscutils/lib.a(watchdog.o)
 .text.watchdog_main
                0x00000000004162d4      0x130 miscutils/lib.a(watchdog.o)
                0x00000000004162d4                watchdog_main
 .text.insmod_main
                0x0000000000416404       0x5c modutils/lib.a(insmod.o)
                0x0000000000416404                insmod_main
 .text.lsmod_main
                0x0000000000416460      0x104 modutils/lib.a(lsmod.o)
                0x0000000000416460                lsmod_main
 .text.read_config
                0x0000000000416564       0x1c modutils/lib.a(modprobe.o)
 .text.gather_options_str
                0x0000000000416580       0x70 modutils/lib.a(modprobe.o)
 .text.load_modules_dep
                0x00000000004165f0      0x10c modutils/lib.a(modprobe.o)
 .text.get_or_add_modentry
                0x00000000004166fc       0x14 modutils/lib.a(modprobe.o)
 .text.add_probe
                0x0000000000416710       0x80 modutils/lib.a(modprobe.o)
 .text.config_file_action
                0x0000000000416790      0x1d4 modutils/lib.a(modprobe.o)
 .text.do_modprobe
                0x0000000000416964      0x2e4 modutils/lib.a(modprobe.o)
 .text.modprobe_main
                0x0000000000416c48      0x300 modutils/lib.a(modprobe.o)
                0x0000000000416c48                modprobe_main
 .text.replace  0x0000000000416f48       0x28 modutils/lib.a(modutils.o)
                0x0000000000416f48                replace
 .text.string_to_llist
                0x0000000000416f70       0x70 modutils/lib.a(modutils.o)
                0x0000000000416f70                string_to_llist
 .text.filename2modname
                0x0000000000416fe0       0x80 modutils/lib.a(modutils.o)
                0x0000000000416fe0                filename2modname
 .text.helper_get_module
                0x0000000000417060       0xa8 modutils/lib.a(modutils.o)
 .text.moddb_get
                0x0000000000417108        0x8 modutils/lib.a(modutils.o)
                0x0000000000417108                moddb_get
 .text.moddb_get_or_create
                0x0000000000417110        0x8 modutils/lib.a(modutils.o)
                0x0000000000417110                moddb_get_or_create
 .text.parse_cmdline_module_options
                0x0000000000417118       0xdc modutils/lib.a(modutils.o)
                0x0000000000417118                parse_cmdline_module_options
 .text.bb_init_module
                0x00000000004171f4       0xd8 modutils/lib.a(modutils.o)
                0x00000000004171f4                bb_init_module
 .text.bb_delete_module
                0x00000000004172cc       0x2c modutils/lib.a(modutils.o)
                0x00000000004172cc                bb_delete_module
 .text.moderror
                0x00000000004172f8       0x74 modutils/lib.a(modutils.o)
                0x00000000004172f8                moderror
 .text.rmmod_main
                0x000000000041736c       0xc4 modutils/lib.a(rmmod.o)
                0x000000000041736c                rmmod_main
 .text.arp_show
                0x0000000000417430      0x2bc networking/lib.a(arp.o)
 .text.arp_main
                0x00000000004176ec      0x5a0 networking/lib.a(arp.o)
                0x00000000004176ec                arp_main
 .text.finish   0x0000000000417c8c       0x94 networking/lib.a(arping.o)
 .text.catcher  0x0000000000417d20      0x1ac networking/lib.a(arping.o)
 .text.arping_main
                0x0000000000417ecc      0x72c networking/lib.a(arping.o)
                0x0000000000417ecc                arping_main
 .text.undot    0x00000000004185f8       0x54 networking/lib.a(dnsd.o)
 .text.dnsd_main
                0x000000000041864c      0x548 networking/lib.a(dnsd.o)
                0x000000000041864c                dnsd_main
 .text.ether_wake_main
                0x0000000000418b94      0x2a0 networking/lib.a(ether-wake.o)
                0x0000000000418b94                ether_wake_main
 .text.do_sethostname
                0x0000000000418e34       0x88 networking/lib.a(hostname.o)
 .text.hostname_main
                0x0000000000418ebc      0x160 networking/lib.a(hostname.o)
                0x0000000000418ebc                hostname_main
 .text.ifconfig_main
                0x000000000041901c      0x454 networking/lib.a(ifconfig.o)
                0x000000000041901c                ifconfig_main
 .text.link_up_down
                0x0000000000419470        0x8 networking/lib.a(ifupdown.o)
 .text.check    0x0000000000419478        0xc networking/lib.a(ifupdown.o)
 .text.doit     0x0000000000419484       0xa4 networking/lib.a(ifupdown.o)
 .text.execute_all
                0x0000000000419528       0x84 networking/lib.a(ifupdown.o)
 .text.setlocalenv
                0x00000000004195ac       0x90 networking/lib.a(ifupdown.o)
 .text.set_environ
                0x000000000041963c      0x198 networking/lib.a(ifupdown.o)
 .text.iface_down
                0x00000000004197d4       0xb8 networking/lib.a(ifupdown.o)
 .text.iface_up
                0x000000000041988c       0xb8 networking/lib.a(ifupdown.o)
 .text.next_word
                0x0000000000419944       0x68 networking/lib.a(ifupdown.o)
 .text.find_iface_state
                0x00000000004199ac       0x48 networking/lib.a(ifupdown.o)
 .text.strncmpz
                0x00000000004199f4       0x2c networking/lib.a(ifupdown.o)
 .text.get_var  0x0000000000419a20       0xa4 networking/lib.a(ifupdown.o)
 .text.addstr   0x0000000000419ac4       0x6c networking/lib.a(ifupdown.o)
 .text.execute  0x0000000000419b30      0x28c networking/lib.a(ifupdown.o)
 .text.loopback_up6
                0x0000000000419dbc       0x54 networking/lib.a(ifupdown.o)
 .text.static_down6
                0x0000000000419e10       0x14 networking/lib.a(ifupdown.o)
 .text.loopback_down6
                0x0000000000419e24        0x4 networking/lib.a(ifupdown.o)
 .text.static_up6
                0x0000000000419e28       0x6c networking/lib.a(ifupdown.o)
 .text.v4tunnel_down
                0x0000000000419e94       0x14 networking/lib.a(ifupdown.o)
 .text.v4tunnel_up
                0x0000000000419ea8       0x84 networking/lib.a(ifupdown.o)
 .text.loopback_down
                0x0000000000419f2c       0x54 networking/lib.a(ifupdown.o)
 .text.loopback_up
                0x0000000000419f80       0x54 networking/lib.a(ifupdown.o)
 .text.dhcp_up  0x0000000000419fd4       0x50 networking/lib.a(ifupdown.o)
 .text.bootp_up
                0x000000000041a024       0x14 networking/lib.a(ifupdown.o)
 .text.static_down
                0x000000000041a038       0x54 networking/lib.a(ifupdown.o)
 .text.static_up
                0x000000000041a08c       0x6c networking/lib.a(ifupdown.o)
 .text.ppp_down
                0x000000000041a0f8       0x14 networking/lib.a(ifupdown.o)
 .text.ppp_up   0x000000000041a10c       0x14 networking/lib.a(ifupdown.o)
 .text.wvdial_down
                0x000000000041a120       0x14 networking/lib.a(ifupdown.o)
 .text.wvdial_up
                0x000000000041a134       0x14 networking/lib.a(ifupdown.o)
 .text.dhcp_down
                0x000000000041a148       0x58 networking/lib.a(ifupdown.o)
 .text.popen2   0x000000000041a1a0       0xb0 networking/lib.a(ifupdown.o)
 .text.read_iface_state
                0x000000000041a250       0x70 networking/lib.a(ifupdown.o)
 .text.read_interfaces
                0x000000000041a2c0      0x540 networking/lib.a(ifupdown.o)
 .text.manual_up_down6
                0x000000000041a800        0x8 networking/lib.a(ifupdown.o)
 .text.manual_up_down
                0x000000000041a808        0x8 networking/lib.a(ifupdown.o)
 .text.ifupdown_main
                0x000000000041a810      0x530 networking/lib.a(ifupdown.o)
                0x000000000041a810                ifupdown_main
 .text.remove_fd_from_set
                0x000000000041ad40       0x38 networking/lib.a(inetd.o)
 .text.init_ring
                0x000000000041ad78       0x38 networking/lib.a(inetd.o)
 .text.discard_dg
                0x000000000041adb0       0x14 networking/lib.a(inetd.o)
 .text.maybe_close
                0x000000000041adc4        0xc networking/lib.a(inetd.o)
 .text.free_servtab_strings
                0x000000000041add0       0x68 networking/lib.a(inetd.o)
 .text.bump_nofile
                0x000000000041ae38       0x88 networking/lib.a(inetd.o)
 .text.add_fd_to_set
                0x000000000041aec0       0x58 networking/lib.a(inetd.o)
 .text.clean_up_and_exit
                0x000000000041af18       0x44 networking/lib.a(inetd.o)
 .text.reap_child
                0x000000000041af5c       0xbc networking/lib.a(inetd.o)
 .text.daytime_dg
                0x000000000041b018       0xbc networking/lib.a(inetd.o)
 .text.daytime_stream
                0x000000000041b0d4       0x34 networking/lib.a(inetd.o)
 .text.machtime_dg
                0x000000000041b108       0xa8 networking/lib.a(inetd.o)
 .text.chargen_dg
                0x000000000041b1b0      0x140 networking/lib.a(inetd.o)
 .text.chargen_stream
                0x000000000041b2f0       0xc0 networking/lib.a(inetd.o)
 .text.discard_stream
                0x000000000041b3b0       0x38 networking/lib.a(inetd.o)
 .text.echo_stream
                0x000000000041b3e8       0x4c networking/lib.a(inetd.o)
 .text.echo_dg  0x000000000041b434       0xa0 networking/lib.a(inetd.o)
 .text.xzalloc_lsa
                0x000000000041b4d4       0x4c networking/lib.a(inetd.o)
 .text.block_CHLD_HUP_ALRM
                0x000000000041b520       0x44 networking/lib.a(inetd.o)
 .text.restore_sigmask
                0x000000000041b564       0x10 networking/lib.a(inetd.o)
 .text.rearm_alarm
                0x000000000041b574       0x24 networking/lib.a(inetd.o)
 .text.prepare_socket_fd
                0x000000000041b598       0xc8 networking/lib.a(inetd.o)
 .text.retry_network_setup
                0x000000000041b660       0x54 networking/lib.a(inetd.o)
 .text.machtime_stream
                0x000000000041b6b4       0x44 networking/lib.a(inetd.o)
 .text.parse_one_line
                0x000000000041b6f8      0x484 networking/lib.a(inetd.o)
 .text.reread_config_file
                0x000000000041bb7c      0x3b8 networking/lib.a(inetd.o)
 .text.inetd_main
                0x000000000041bf34      0x884 networking/lib.a(inetd.o)
                0x000000000041bf34                inetd_main
 .text.UNSPEC_print
                0x000000000041c7b8       0x68 networking/lib.a(interface.o)
 .text.UNSPEC_sprint
                0x000000000041c820       0x28 networking/lib.a(interface.o)
 .text.INET6_input
                0x000000000041c848        0x4 networking/lib.a(interface.o)
 .text.INET6_sprint
                0x000000000041c84c       0x30 networking/lib.a(interface.o)
 .text.INET_input
                0x000000000041c87c        0x8 networking/lib.a(interface.o)
 .text.INET_sprint
                0x000000000041c884       0x34 networking/lib.a(interface.o)
 .text.ether_print
                0x000000000041c8b8       0x30 networking/lib.a(interface.o)
 .text.in_ib    0x000000000041c8e8       0x2c networking/lib.a(interface.o)
                0x000000000041c8e8                in_ib
 .text.add_interface
                0x000000000041c914       0xa4 networking/lib.a(interface.o)
 .text.if_readconf
                0x000000000041c9b8       0xe0 networking/lib.a(interface.o)
 .text.if_readlist_proc
                0x000000000041ca98      0x25c networking/lib.a(interface.o)
 .text.do_if_fetch
                0x000000000041ccf4      0x270 networking/lib.a(interface.o)
 .text.print_bytes_scaled
                0x000000000041cf64       0x50 networking/lib.a(interface.o)
 .text.get_aftype
                0x000000000041cfb4       0x44 networking/lib.a(interface.o)
                0x000000000041cfb4                get_aftype
 .text.get_hwtype
                0x000000000041cff8       0x44 networking/lib.a(interface.o)
                0x000000000041cff8                get_hwtype
 .text.get_hwntype
                0x000000000041d03c       0x2c networking/lib.a(interface.o)
                0x000000000041d03c                get_hwntype
 .text.ife_print
                0x000000000041d068      0x5a8 networking/lib.a(interface.o)
 .text.display_interfaces
                0x000000000041d610       0xc8 networking/lib.a(interface.o)
                0x000000000041d610                display_interfaces
 .text.ip_do    0x000000000041d6d8       0x1c networking/lib.a(ip.o)
 .text.ip_print_help
                0x000000000041d6f4        0x8 networking/lib.a(ip.o)
 .text.ipaddr_main
                0x000000000041d6fc        0xc networking/lib.a(ip.o)
                0x000000000041d6fc                ipaddr_main
 .text.iplink_main
                0x000000000041d708        0xc networking/lib.a(ip.o)
                0x000000000041d708                iplink_main
 .text.iproute_main
                0x000000000041d714        0xc networking/lib.a(ip.o)
                0x000000000041d714                iproute_main
 .text.iprule_main
                0x000000000041d720        0xc networking/lib.a(ip.o)
                0x000000000041d720                iprule_main
 .text.iptunnel_main
                0x000000000041d72c        0xc networking/lib.a(ip.o)
                0x000000000041d72c                iptunnel_main
 .text.ipneigh_main
                0x000000000041d738        0xc networking/lib.a(ip.o)
                0x000000000041d738                ipneigh_main
 .text.ip_main  0x000000000041d744       0x4c networking/lib.a(ip.o)
                0x000000000041d744                ip_main
 .text.prepend_new_eth_table
                0x000000000041d790       0xc8 networking/lib.a(nameif.o)
 .text.nameif_main
                0x000000000041d858      0x210 networking/lib.a(nameif.o)
                0x000000000041d858                nameif_main
 .text.unix_do_one
                0x000000000041da68      0x228 networking/lib.a(netstat.o)
 .text.build_ipv6_addr
                0x000000000041dc90       0x5c networking/lib.a(netstat.o)
 .text.ip_port_str
                0x000000000041dcec       0x98 networking/lib.a(netstat.o)
 .text.print_inet_line
                0x000000000041dd84       0xc8 networking/lib.a(netstat.o)
 .text.do_info  0x000000000041de4c       0xb4 networking/lib.a(netstat.o)
 .text.scan_inet_proc_line
                0x000000000041df00       0xd4 networking/lib.a(netstat.o)
 .text.raw_do_one
                0x000000000041dfd4       0x98 networking/lib.a(netstat.o)
 .text.udp_do_one
                0x000000000041e06c       0xcc networking/lib.a(netstat.o)
 .text.tcp_do_one
                0x000000000041e138       0x68 networking/lib.a(netstat.o)
 .text.netstat_main
                0x000000000041e1a0      0x224 networking/lib.a(netstat.o)
                0x000000000041e1a0                netstat_main
 .text.set_default_dns
                0x000000000041e3c4       0x68 networking/lib.a(nslookup.o)
 .text.print_host
                0x000000000041e42c       0xf8 networking/lib.a(nslookup.o)
 .text.nslookup_main
                0x000000000041e524       0x7c networking/lib.a(nslookup.o)
                0x000000000041e524                nslookup_main
 .text.print_stats_and_exit
                0x000000000041e5a0       0xec networking/lib.a(ping.o)
 .text.sendping4
                0x000000000041e68c      0x174 networking/lib.a(ping.o)
 .text.ping_main
                0x000000000041e800      0x4c8 networking/lib.a(ping.o)
                0x000000000041e800                ping_main
 .text.set_flags
                0x000000000041ecc8       0x38 networking/lib.a(route.o)
 .text.kw_lookup
                0x000000000041ed00       0x84 networking/lib.a(route.o)
 .text.INET6_displayroutes
                0x000000000041ed84      0x1dc networking/lib.a(route.o)
 .text.INET6_setroute
                0x000000000041ef60      0x238 networking/lib.a(route.o)
 .text.INET_setroute
                0x000000000041f198      0x394 networking/lib.a(route.o)
 .text.bb_displayroutes
                0x000000000041f52c      0x1c0 networking/lib.a(route.o)
                0x000000000041f52c                bb_displayroutes
 .text.route_main
                0x000000000041f6ec      0x138 networking/lib.a(route.o)
                0x000000000041f6ec                route_main
 .text.put_iac  0x000000000041f824       0x20 networking/lib.a(telnet.o)
 .text.iac_flush
                0x000000000041f844       0x2c networking/lib.a(telnet.o)
 .text.put_iac2_merged
                0x000000000041f870       0x3c networking/lib.a(telnet.o)
 .text.rawmode  0x000000000041f8ac       0x24 networking/lib.a(telnet.o)
 .text.cookmode
                0x000000000041f8d0       0x24 networking/lib.a(telnet.o)
 .text.setConMode
                0x000000000041f8f4       0x7c networking/lib.a(telnet.o)
 .text.con_escape
                0x000000000041f970      0x124 networking/lib.a(telnet.o)
 .text.handle_net_output
                0x000000000041fa94       0x9c networking/lib.a(telnet.o)
 .text.telnet_main
                0x000000000041fb30      0x61c networking/lib.a(telnet.o)
                0x000000000041fb30                telnet_main
 .text.tftp_blksize_check
                0x000000000042014c       0x58 networking/lib.a(tftp.o)
 .text.tftp_main
                0x00000000004201a4      0x6dc networking/lib.a(tftp.o)
                0x00000000004201a4                tftp_main
 .text.traceroute_main
                0x0000000000420880      0x884 networking/lib.a(traceroute.o)
                0x0000000000420880                traceroute_main
 .text.xfind_str
                0x0000000000421104       0x44 networking/lib.a(vconfig.o)
 .text.vconfig_main
                0x0000000000421148      0x110 networking/lib.a(vconfig.o)
                0x0000000000421148                vconfig_main
 .text.sanitize_string
                0x0000000000421258       0x20 networking/lib.a(wget.o)
 .text.alarm_handler
                0x0000000000421278       0x24 networking/lib.a(wget.o)
 .text.set_alarm
                0x000000000042129c       0x28 networking/lib.a(wget.o)
 .text.open_socket
                0x00000000004212c4       0x44 networking/lib.a(wget.o)
 .text.base64enc
                0x0000000000421308       0x4c networking/lib.a(wget.o)
 .text.fgets_and_trim
                0x0000000000421354       0x74 networking/lib.a(wget.o)
 .text.reset_beg_range_to_zero
                0x00000000004213c8       0x30 networking/lib.a(wget.o)
 .text.parse_url
                0x00000000004213f8      0x1c8 networking/lib.a(wget.o)
 .text.gethdr   0x00000000004215c0       0xd0 networking/lib.a(wget.o)
 .text.progress_meter
                0x0000000000421690       0x8c networking/lib.a(wget.o)
 .text.retrieve_file_data
                0x000000000042171c      0x1f0 networking/lib.a(wget.o)
 .text.ftpcmd   0x000000000042190c       0x90 networking/lib.a(wget.o)
 .text.wget_main
                0x000000000042199c      0xb28 networking/lib.a(wget.o)
                0x000000000042199c                wget_main
 .text.ip_parse_common_args
                0x00000000004224c4      0x108 networking/libiproute/lib.a(ip_parse_common_args.o)
                0x00000000004224c4                ip_parse_common_args
 .text.store_nlmsg
                0x00000000004225cc       0x74 networking/libiproute/lib.a(ipaddress.o)
 .text.flush_update
                0x0000000000422640       0x40 networking/libiproute/lib.a(ipaddress.o)
 .text.print_addrinfo
                0x0000000000422680      0x4d0 networking/libiproute/lib.a(ipaddress.o)
 .text.print_linkinfo
                0x0000000000422b50      0x38c networking/libiproute/lib.a(ipaddress.o)
 .text.ipaddr_modify
                0x0000000000422edc      0x484 networking/libiproute/lib.a(ipaddress.o)
 .text.ipaddr_list_or_flush
                0x0000000000423360      0x504 networking/libiproute/lib.a(ipaddress.o)
                0x0000000000423360                ipaddr_list_or_flush
 .text.do_ipaddr
                0x0000000000423864       0xa0 networking/libiproute/lib.a(ipaddress.o)
                0x0000000000423864                do_ipaddr
 .text.get_ctl_fd
                0x0000000000423904       0x48 networking/libiproute/lib.a(iplink.o)
 .text.do_add_or_delete
                0x000000000042394c      0x49c networking/libiproute/lib.a(iplink.o)
 .text.do_iplink
                0x0000000000423de8      0x51c networking/libiproute/lib.a(iplink.o)
                0x0000000000423de8                do_iplink
 .text.flush_update
                0x0000000000424304       0x44 networking/libiproute/lib.a(ipneigh.o)
 .text.ipneigh_list_or_flush
                0x0000000000424348      0x340 networking/libiproute/lib.a(ipneigh.o)
 .text.print_neigh
                0x0000000000424688      0x3b4 networking/libiproute/lib.a(ipneigh.o)
 .text.do_ipneigh
                0x0000000000424a3c       0x54 networking/libiproute/lib.a(ipneigh.o)
                0x0000000000424a3c                do_ipneigh
 .text.iproute_reset_filter
                0x0000000000424a90       0x30 networking/libiproute/lib.a(iproute.o)
 .text.flush_update
                0x0000000000424ac0       0x44 networking/libiproute/lib.a(iproute.o)
 .text.print_route
                0x0000000000424b04      0x6e0 networking/libiproute/lib.a(iproute.o)
 .text.iproute_get
                0x00000000004251e4      0x354 networking/libiproute/lib.a(iproute.o)
 .text.iproute_list_or_flush
                0x0000000000425538      0x520 networking/libiproute/lib.a(iproute.o)
 .text.iproute_modify
                0x0000000000425a58      0x49c networking/libiproute/lib.a(iproute.o)
 .text.do_iproute
                0x0000000000425ef4       0xd4 networking/libiproute/lib.a(iproute.o)
                0x0000000000425ef4                do_iproute
 .text.iprule_modify
                0x0000000000425fc8      0x380 networking/libiproute/lib.a(iprule.o)
 .text.print_rule
                0x0000000000426348      0x2a4 networking/libiproute/lib.a(iprule.o)
 .text.do_iprule
                0x00000000004265ec       0xb4 networking/libiproute/lib.a(iprule.o)
                0x00000000004265ec                do_iprule
 .text.do_get_ioctl
                0x00000000004266a0       0x60 networking/libiproute/lib.a(iptunnel.o)
 .text.do_add_ioctl
                0x0000000000426700       0x94 networking/libiproute/lib.a(iptunnel.o)
 .text.do_del_ioctl
                0x0000000000426794       0x60 networking/libiproute/lib.a(iptunnel.o)
 .text.parse_args
                0x00000000004267f4      0x5c4 networking/libiproute/lib.a(iptunnel.o)
 .text.do_add   0x0000000000426db8       0x98 networking/libiproute/lib.a(iptunnel.o)
 .text.print_tunnel
                0x0000000000426e50      0x2b0 networking/libiproute/lib.a(iptunnel.o)
 .text.do_tunnels_list
                0x0000000000427100      0x25c networking/libiproute/lib.a(iptunnel.o)
 .text.do_iptunnel
                0x000000000042735c      0x17c networking/libiproute/lib.a(iptunnel.o)
                0x000000000042735c                do_iptunnel
 .text.xrtnl_open
                0x00000000004274d8       0x74 networking/libiproute/lib.a(libnetlink.o)
                0x00000000004274d8                xrtnl_open
 .text.rtnl_send
                0x000000000042754c       0x30 networking/libiproute/lib.a(libnetlink.o)
                0x000000000042754c                rtnl_send
 .text.xrtnl_wilddump_request
                0x000000000042757c       0x40 networking/libiproute/lib.a(libnetlink.o)
                0x000000000042757c                xrtnl_wilddump_request
 .text.rtnl_dump_request
                0x00000000004275bc       0x90 networking/libiproute/lib.a(libnetlink.o)
                0x00000000004275bc                rtnl_dump_request
 .text.xrtnl_dump_filter
                0x000000000042764c      0x204 networking/libiproute/lib.a(libnetlink.o)
                0x000000000042764c                xrtnl_dump_filter
 .text.rtnl_talk
                0x0000000000427850      0x27c networking/libiproute/lib.a(libnetlink.o)
                0x0000000000427850                rtnl_talk
 .text.addattr32
                0x0000000000427acc       0x50 networking/libiproute/lib.a(libnetlink.o)
                0x0000000000427acc                addattr32
 .text.addattr_l
                0x0000000000427b1c       0x74 networking/libiproute/lib.a(libnetlink.o)
                0x0000000000427b1c                addattr_l
 .text.rta_addattr32
                0x0000000000427b90       0x50 networking/libiproute/lib.a(libnetlink.o)
                0x0000000000427b90                rta_addattr32
 .text.parse_rtattr
                0x0000000000427be0       0x60 networking/libiproute/lib.a(libnetlink.o)
                0x0000000000427be0                parse_rtattr
 .text.ll_addr_n2a
                0x0000000000427c40       0xec networking/libiproute/lib.a(ll_addr.o)
                0x0000000000427c40                ll_addr_n2a
 .text.ll_addr_a2n
                0x0000000000427d2c       0xf0 networking/libiproute/lib.a(ll_addr.o)
                0x0000000000427d2c                ll_addr_a2n
 .text.find_by_index
                0x0000000000427e1c       0x3c networking/libiproute/lib.a(ll_map.o)
 .text.ll_remember_index
                0x0000000000427e58      0x12c networking/libiproute/lib.a(ll_map.o)
                0x0000000000427e58                ll_remember_index
 .text.ll_index_to_name
                0x0000000000427f84       0x44 networking/libiproute/lib.a(ll_map.o)
                0x0000000000427f84                ll_index_to_name
 .text.ll_index_to_flags
                0x0000000000427fc8       0x2c networking/libiproute/lib.a(ll_map.o)
                0x0000000000427fc8                ll_index_to_flags
 .text.xll_name_to_index
                0x0000000000427ff4       0x2c networking/libiproute/lib.a(ll_map.o)
                0x0000000000427ff4                xll_name_to_index
 .text.ll_init_map
                0x0000000000428020       0x34 networking/libiproute/lib.a(ll_map.o)
                0x0000000000428020                ll_init_map
 .text.ll_type_n2a
                0x0000000000428054       0x7c networking/libiproute/lib.a(ll_types.o)
                0x0000000000428054                ll_type_n2a
 .text.rtnl_tab_initialize
                0x00000000004280d0       0xc4 networking/libiproute/lib.a(rt_names.o)
 .text.rtnl_rtscope_initialize
                0x0000000000428194       0x74 networking/libiproute/lib.a(rt_names.o)
 .text.rtnl_rtrealm_initialize
                0x0000000000428208       0x44 networking/libiproute/lib.a(rt_names.o)
 .text.rtnl_rtdsfield_initialize
                0x000000000042824c       0x44 networking/libiproute/lib.a(rt_names.o)
 .text.rtnl_rttable_initialize
                0x0000000000428290       0x68 networking/libiproute/lib.a(rt_names.o)
 .text.rtnl_a2n
                0x00000000004282f8       0xbc networking/libiproute/lib.a(rt_names.o)
 .text.rtnl_rtprot_a2n
                0x00000000004283b4       0x6c networking/libiproute/lib.a(rt_names.o)
                0x00000000004283b4                rtnl_rtprot_a2n
 .text.rtnl_rtscope_n2a
                0x0000000000428420       0x40 networking/libiproute/lib.a(rt_names.o)
                0x0000000000428420                rtnl_rtscope_n2a
 .text.rtnl_rtscope_a2n